<html>
<body>
<pre>
<h1>µVision Build Log</h1>
<h2>Tool Versions:</h2>
IDE-Version: ¦ÌVision V5.42.0.0
Copyright (C) 2025 ARM Ltd and ARM Germany GmbH. All rights reserved.
License Information: 1 3226299527@qq.com, 1, LIC=FYKYW-Q2CCJ-UH68H-W6V9M-S74G0-FMRNH
 
Tool Versions:
Toolchain:       MDK-ARM Plus  Version: 5.42.0.0
Toolchain Path:  E:\project_ruanjian\Keil_C51\ARM\ARMCC\Bin
C Compiler:      Armcc.exe V5.06 update 7 (build 960)
Assembler:       Armasm.exe V5.06 update 7 (build 960)
Linker/Locator:  ArmLink.exe V5.06 update 7 (build 960)
Library Manager: ArmAr.exe V5.06 update 7 (build 960)
Hex Converter:   FromElf.exe V5.06 update 7 (build 960)
CPU DLL:         SARMCM3.DLL V5.42.0.0
Dialog DLL:      DCM.DLL V1.17.5.0
Target DLL:      STLink\ST-LINKIII-KEIL_SWO.dll V3.3.0.0
Dialog DLL:      TCM.DLL V1.56.6.0
 
<h2>Project:</h2>
e:\project_ruanjian\Keil_C51\AAA_STM32_project\DC_Motor\MDK-ARM\DC_Motor.uvprojx
Project File Date:  08/20/2025

<h2>Output:</h2>
*** Using Compiler 'V5.06 update 7 (build 960)', folder: 'E:\project_ruanjian\Keil_C51\ARM\ARMCC\Bin'
Build target 'DC_Motor'
Note: source file '..\Development\Mid\FreeModbus\port\port.c' - object file renamed from 'DC_Motor\port.o' to 'DC_Motor\port_1.o'.
compiling mbrtu.c...
..\Development\Mid\FreeModbus\modbus\rtu\mbrtu.c(150): warning:  #550-D: variable "xFrameReceived"  was set but never used
      BOOL xFrameReceived = FALSE;
..\Development\Mid\FreeModbus\modbus\rtu\mbrtu.c: 1 warning, 0 errors
linking...
Program Size: Code=34460 RO-data=7776 RW-data=484 ZI-data=15996  
FromELF: creating hex file...
"DC_Motor\DC_Motor.axf" - 0 Error(s), 1 Warning(s).

<h2>Software Packages used:</h2>

Package Vendor: ARM
                https://www.keil.com/pack/ARM.CMSIS.6.2.0.pack
                ARM::CMSIS@6.2.0
                CMSIS (Common Microcontroller Software Interface Standard)
   * Component: CORE Version: 6.1.1

Package Vendor: Keil
                https://www.keil.com/pack/Keil.STM32F1xx_DFP.2.4.1.pack
                Keil::STM32F1xx_DFP@2.4.1
                STMicroelectronics STM32F1 Series Device Support, Drivers and Examples

<h2>Collection of Component include folders:</h2>
  ./RTE/_DC_Motor
  E:/project_ruanjian/Keil_C51/Packs/ARM/CMSIS/6.2.0/CMSIS/Core/Include
  E:/project_ruanjian/Keil_C51/Packs/Keil/STM32F1xx_DFP/2.4.1/Device/Include

<h2>Collection of Component Files used:</h2>

   * Component: ARM::CMSIS:CORE@6.1.1
      Include file:  CMSIS/Core/Include/tz_context.h
Build Time Elapsed:  00:00:04
</pre>
</body>
</html>
