Component: ARM Compiler 5.06 update 7 (build 960) Tool: armlink [4d3601]

==============================================================================

Section Cross References

    startup_stm32f103xb.o(RESET) refers to startup_stm32f103xb.o(STACK) for __initial_sp
    startup_stm32f103xb.o(RESET) refers to startup_stm32f103xb.o(.text) for Reset_Handler
    startup_stm32f103xb.o(RESET) refers to stm32f1xx_it.o(i.NMI_Handler) for NMI_Handler
    startup_stm32f103xb.o(RESET) refers to stm32f1xx_it.o(i.HardFault_Handler) for HardFault_Handler
    startup_stm32f103xb.o(RESET) refers to stm32f1xx_it.o(i.MemManage_Handler) for MemManage_Handler
    startup_stm32f103xb.o(RESET) refers to stm32f1xx_it.o(i.BusFault_Handler) for BusFault_Handler
    startup_stm32f103xb.o(RESET) refers to stm32f1xx_it.o(i.UsageFault_Handler) for UsageFault_Handler
    startup_stm32f103xb.o(RESET) refers to port.o(.emb_text) for SVC_Handler
    startup_stm32f103xb.o(RESET) refers to stm32f1xx_it.o(i.DebugMon_Handler) for DebugMon_Handler
    startup_stm32f103xb.o(RESET) refers to stm32f1xx_it.o(i.SysTick_Handler) for SysTick_Handler
    startup_stm32f103xb.o(RESET) refers to porttimer.o(i.TIM3_IRQHandler) for TIM3_IRQHandler
    startup_stm32f103xb.o(RESET) refers to portserial.o(i.USART2_IRQHandler) for USART2_IRQHandler
    startup_stm32f103xb.o(.text) refers to system_stm32f1xx.o(i.SystemInit) for SystemInit
    startup_stm32f103xb.o(.text) refers to entry.o(.ARM.Collect$$$$00000000) for __main
    main.o(i.SystemClock_Config) refers to memseta.o(.text) for __aeabi_memclr4
    main.o(i.SystemClock_Config) refers to stm32f1xx_hal_rcc.o(i.HAL_RCC_OscConfig) for HAL_RCC_OscConfig
    main.o(i.SystemClock_Config) refers to main.o(i.Error_Handler) for Error_Handler
    main.o(i.SystemClock_Config) refers to stm32f1xx_hal_rcc.o(i.HAL_RCC_ClockConfig) for HAL_RCC_ClockConfig
    main.o(i.main) refers to stm32f1xx_hal.o(i.HAL_Init) for HAL_Init
    main.o(i.main) refers to main.o(i.SystemClock_Config) for SystemClock_Config
    main.o(i.main) refers to gpio.o(i.MX_GPIO_Init) for MX_GPIO_Init
    main.o(i.main) refers to usart.o(i.MX_USART1_UART_Init) for MX_USART1_UART_Init
    main.o(i.main) refers to i2c.o(i.MX_I2C2_Init) for MX_I2C2_Init
    main.o(i.main) refers to tim.o(i.MX_TIM1_Init) for MX_TIM1_Init
    main.o(i.main) refers to tim.o(i.MX_TIM4_Init) for MX_TIM4_Init
    main.o(i.main) refers to usart.o(i.MX_USART2_UART_Init) for MX_USART2_UART_Init
    main.o(i.main) refers to tim.o(i.MX_TIM3_Init) for MX_TIM3_Init
    main.o(i.main) refers to app_task.o(i.App_Task_Start) for App_Task_Start
    gpio.o(i.MX_GPIO_Init) refers to stm32f1xx_hal_gpio.o(i.HAL_GPIO_WritePin) for HAL_GPIO_WritePin
    gpio.o(i.MX_GPIO_Init) refers to stm32f1xx_hal_gpio.o(i.HAL_GPIO_Init) for HAL_GPIO_Init
    i2c.o(i.HAL_I2C_MspDeInit) refers to stm32f1xx_hal_gpio.o(i.HAL_GPIO_DeInit) for HAL_GPIO_DeInit
    i2c.o(i.HAL_I2C_MspInit) refers to stm32f1xx_hal_gpio.o(i.HAL_GPIO_Init) for HAL_GPIO_Init
    i2c.o(i.MX_I2C2_Init) refers to stm32f1xx_hal_i2c.o(i.HAL_I2C_Init) for HAL_I2C_Init
    i2c.o(i.MX_I2C2_Init) refers to main.o(i.Error_Handler) for Error_Handler
    i2c.o(i.MX_I2C2_Init) refers to i2c.o(.bss) for hi2c2
    tim.o(i.HAL_TIM_Base_MspDeInit) refers to stm32f1xx_hal_cortex.o(i.HAL_NVIC_DisableIRQ) for HAL_NVIC_DisableIRQ
    tim.o(i.HAL_TIM_Base_MspInit) refers to stm32f1xx_hal_cortex.o(i.HAL_NVIC_SetPriority) for HAL_NVIC_SetPriority
    tim.o(i.HAL_TIM_Base_MspInit) refers to stm32f1xx_hal_cortex.o(i.HAL_NVIC_EnableIRQ) for HAL_NVIC_EnableIRQ
    tim.o(i.HAL_TIM_Encoder_MspDeInit) refers to stm32f1xx_hal_gpio.o(i.HAL_GPIO_DeInit) for HAL_GPIO_DeInit
    tim.o(i.HAL_TIM_Encoder_MspInit) refers to stm32f1xx_hal_gpio.o(i.HAL_GPIO_Init) for HAL_GPIO_Init
    tim.o(i.HAL_TIM_MspPostInit) refers to stm32f1xx_hal_gpio.o(i.HAL_GPIO_Init) for HAL_GPIO_Init
    tim.o(i.MX_TIM1_Init) refers to memseta.o(.text) for __aeabi_memclr4
    tim.o(i.MX_TIM1_Init) refers to stm32f1xx_hal_tim.o(i.HAL_TIM_Base_Init) for HAL_TIM_Base_Init
    tim.o(i.MX_TIM1_Init) refers to main.o(i.Error_Handler) for Error_Handler
    tim.o(i.MX_TIM1_Init) refers to stm32f1xx_hal_tim.o(i.HAL_TIM_ConfigClockSource) for HAL_TIM_ConfigClockSource
    tim.o(i.MX_TIM1_Init) refers to stm32f1xx_hal_tim.o(i.HAL_TIM_PWM_Init) for HAL_TIM_PWM_Init
    tim.o(i.MX_TIM1_Init) refers to stm32f1xx_hal_tim_ex.o(i.HAL_TIMEx_MasterConfigSynchronization) for HAL_TIMEx_MasterConfigSynchronization
    tim.o(i.MX_TIM1_Init) refers to stm32f1xx_hal_tim.o(i.HAL_TIM_PWM_ConfigChannel) for HAL_TIM_PWM_ConfigChannel
    tim.o(i.MX_TIM1_Init) refers to stm32f1xx_hal_tim_ex.o(i.HAL_TIMEx_ConfigBreakDeadTime) for HAL_TIMEx_ConfigBreakDeadTime
    tim.o(i.MX_TIM1_Init) refers to tim.o(i.HAL_TIM_MspPostInit) for HAL_TIM_MspPostInit
    tim.o(i.MX_TIM1_Init) refers to tim.o(.bss) for htim1
    tim.o(i.MX_TIM3_Init) refers to stm32f1xx_hal_tim.o(i.HAL_TIM_Base_Init) for HAL_TIM_Base_Init
[...]
    i.xTaskCreate                            0x08008248   Section        0  tasks.o(i.xTaskCreate)
    i.xTaskDelayUntil                        0x080082b0   Section        0  tasks.o(i.xTaskDelayUntil)
    i.xTaskGenericNotify                     0x08008324   Section        0  tasks.o(i.xTaskGenericNotify)
    i.xTaskGetSchedulerState                 0x08008470   Section        0  tasks.o(i.xTaskGetSchedulerState)
    i.xTaskGetTickCount                      0x08008490   Section        0  tasks.o(i.xTaskGetTickCount)
    i.xTaskIncrementTick                     0x0800849c   Section        0  tasks.o(i.xTaskIncrementTick)
    i.xTaskResumeAll                         0x0800862c   Section        0  tasks.o(i.xTaskResumeAll)
    .constdata                               0x08008788   Section       18  stm32f1xx_hal_rcc.o(.constdata)
    aPLLMULFactorTable                       0x08008788   Data          16  stm32f1xx_hal_rcc.o(.constdata)
    aPredivFactorTable                       0x08008798   Data           2  stm32f1xx_hal_rcc.o(.constdata)
    .constdata                               0x0800879a   Section       24  system_stm32f1xx.o(.constdata)
    .constdata                               0x080087b2   Section     6952  int_oled.o(.constdata)
    .constdata                               0x0800a2da   Section      512  mbcrc.o(.constdata)
    aucCRCHi                                 0x0800a2da   Data         256  mbcrc.o(.constdata)
    aucCRCLo                                 0x0800a3da   Data         256  mbcrc.o(.constdata)
    .data                                    0x20000000   Section        9  stm32f1xx_hal.o(.data)
    .data                                    0x2000000c   Section        4  system_stm32f1xx.o(.data)
    .data                                    0x20000010   Section       24  app_task.o(.data)
    .data                                    0x20000028   Section       48  app_motor.o(.data)
    is_start                                 0x20000028   Data           1  app_motor.o(.data)
    last_count                               0x20000050   Data           2  app_motor.o(.data)
    current_count                            0x20000052   Data           2  app_motor.o(.data)
    last_speed                               0x20000054   Data           4  app_motor.o(.data)
    .data                                    0x20000058   Section        6  com_define.o(.data)
    .data                                    0x20000060   Section       64  int_key.o(.data)
    .data                                    0x200000a0   Section       28  heap_4.o(.data)
    xStart                                   0x200000a0   Data           8  heap_4.o(.data)
    pxEnd                                    0x200000a8   Data           4  heap_4.o(.data)
    xFreeBytesRemaining                      0x200000ac   Data           4  heap_4.o(.data)
    xMinimumEverFreeBytesRemaining           0x200000b0   Data           4  heap_4.o(.data)
    xNumberOfSuccessfulAllocations           0x200000b4   Data           4  heap_4.o(.data)
    xNumberOfSuccessfulFrees                 0x200000b8   Data           4  heap_4.o(.data)
    .data                                    0x200000bc   Section        4  port.o(.data)
    uxCriticalNesting                        0x200000bc   Data           4  port.o(.data)
    .data                                    0x200000c0   Section       64  tasks.o(.data)
    pxDelayedTaskList                        0x200000c4   Data           4  tasks.o(.data)
    pxOverflowDelayedTaskList                0x200000c8   Data           4  tasks.o(.data)
    uxDeletedTasksWaitingCleanUp             0x200000cc   Data           4  tasks.o(.data)
    uxCurrentNumberOfTasks                   0x200000d0   Data           4  tasks.o(.data)
    xTickCount                               0x200000d4   Data           4  tasks.o(.data)
    uxTopReadyPriority                       0x200000d8   Data           4  tasks.o(.data)
    xSchedulerRunning                        0x200000dc   Data           4  tasks.o(.data)
    xPendedTicks                             0x200000e0   Data           4  tasks.o(.data)
    xYieldPending                            0x200000e4   Data           4  tasks.o(.data)
    xNumOfOverflows                          0x200000e8   Data           4  tasks.o(.data)
    uxTaskNumber                             0x200000ec   Data           4  tasks.o(.data)
    xNextTaskUnblockTime                     0x200000f0   Data           4  tasks.o(.data)
    xIdleTaskHandle                          0x200000f4   Data           4  tasks.o(.data)
    uxSchedulerSuspended                     0x200000fc   Data           4  tasks.o(.data)
    .data                                    0x20000100   Section      181  mb.o(.data)
    ucMBAddress                              0x20000100   Data           1  mb.o(.data)
    eMBCurrentMode                           0x20000101   Data           1  mb.o(.data)
    eMBState                                 0x20000102   Data           1  mb.o(.data)
    peMBFrameSendCur                         0x20000104   Data           4  mb.o(.data)
    pvMBFrameStartCur                        0x20000108   Data           4  mb.o(.data)
    pvMBFrameStopCur                         0x2000010c   Data           4  mb.o(.data)
    peMBFrameReceiveCur                      0x20000110   Data           4  mb.o(.data)
    pvMBFrameCloseCur                        0x20000114   Data           4  mb.o(.data)
    xFuncHandlers                            0x2000012c   Data         128  mb.o(.data)
    ucMBFrame                                0x200001ac   Data           4  mb.o(.data)
    ucRcvAddress                             0x200001b0   Data           1  mb.o(.data)
    ucFunctionCode                           0x200001b1   Data           1  mb.o(.data)
    usLength                                 0x200001b2   Data           2  mb.o(.data)
    eException                               0x200001b4   Data           1  mb.o(.data)
    .data                                    0x200001b8   Section       20  mbascii.o(.data)
    eSndState                                0x200001b8   Data           1  mbascii.o(.data)
    eRcvState                                0x200001b9   Data           1  mbascii.o(.data)
    ucASCIIBuf                               0x200001bc   Data           4  mbascii.o(.data)
    usRcvBufferPos                           0x200001c0   Data           2  mbascii.o(.data)
    eBytePos                                 0x200001c2   Data           1  mbascii.o(.data)
    pucSndBufferCur                          0x200001c4   Data           4  mbascii.o(.data)
    usSndBufferCount                         0x200001c8   Data           2  mbascii.o(.data)
    ucLRC                                    0x200001ca   Data           1  mbascii.o(.data)
    ucMBLFCharacter                          0x200001cb   Data           1  mbascii.o(.data)
    .data                                    0x200001cc   Section        2  mbfuncother.o(.data)
    usMBSlaveIDLen                           0x200001cc   Data           2  mbfuncother.o(.data)
    .data                                    0x200001d0   Section       12  mbrtu.o(.data)
    eSndState                                0x200001d0   Data           1  mbrtu.o(.data)
    eRcvState                                0x200001d1   Data           1  mbrtu.o(.data)
    pucSndBufferCur                          0x200001d4   Data           4  mbrtu.o(.data)
    usSndBufferCount                         0x200001d8   Data           2  mbrtu.o(.data)
    usRcvBufferPos                           0x200001da   Data           2  mbrtu.o(.data)
    .data                                    0x200001dc   Section        2  portevent.o(.data)
    eQueuedEvent                             0x200001dc   Data           1  portevent.o(.data)
    xEventInQueue                            0x200001dd   Data           1  portevent.o(.data)
    .data                                    0x200001e0   Section        4  stdout.o(.data)
    .bss                                     0x200001e4   Section       84  i2c.o(.bss)
    .bss                                     0x20000238   Section      216  tim.o(.bss)
    .bss                                     0x20000310   Section      144  usart.o(.bss)
    .bss                                     0x200003a0   Section     1152  int_oled.o(.bss)
    .bss                                     0x20000820   Section    12288  heap_4.o(.bss)
    ucHeap                                   0x20000820   Data       12288  heap_4.o(.bss)
    .bss                                     0x20003820   Section      740  tasks.o(.bss)
    pxReadyTasksLists                        0x20003820   Data         640  tasks.o(.bss)
    xDelayedTaskList1                        0x20003aa0   Data          20  tasks.o(.bss)
    xDelayedTaskList2                        0x20003ab4   Data          20  tasks.o(.bss)
    xPendingReadyList                        0x20003ac8   Data          20  tasks.o(.bss)
    xTasksWaitingTermination                 0x20003adc   Data          20  tasks.o(.bss)
    xSuspendedTaskList                       0x20003af0   Data          20  tasks.o(.bss)
    .bss                                     0x20003b04   Section       32  mbfuncother.o(.bss)
    ucMBSlaveID                              0x20003b04   Data          32  mbfuncother.o(.bss)
    .bss                                     0x20003b24   Section      256  mbrtu.o(.bss)
    .bss                                     0x20003c24   Section       60  port_1.o(.bss)
    STACK                                    0x20003c60   Section     1024  startup_stm32f103xb.o(STACK)

    Global Symbols

    Symbol Name                              Value     Ov Type        Size  Object(Section)

    BuildAttributes$$THM_ISAv4$P$D$K$B$S$PE$A:L22UL41UL21$X:L11$S22US41US21$IEEE1$IW$USESV6$~STKCKD$USESV7$~SHL$OTIME$ROPI$EBA8$MICROLIB$REQ8$PRES8$EABIv2 0x00000000   Number         0  anon$$obj.o ABSOLUTE
    __ARM_use_no_argv                        0x00000000   Number         0  main.o ABSOLUTE
    _printf_a                                0x00000000   Number         0  stubs.o ABSOLUTE
    _printf_c                                0x00000000   Number         0  stubs.o ABSOLUTE
    _printf_charcount                        0x00000000   Number         0  stubs.o ABSOLUTE
    _printf_d                                0x00000000   Number         0  stubs.o ABSOLUTE
    _printf_e                                0x00000000   Number         0  stubs.o ABSOLUTE
    _printf_f                                0x00000000   Number         0  stubs.o ABSOLUTE
    _printf_flags                            0x00000000   Number         0  stubs.o ABSOLUTE
    _printf_fp_dec                           0x00000000   Number         0  stubs.o ABSOLUTE
    _printf_fp_hex                           0x00000000   Number         0  stubs.o ABSOLUTE
    _printf_g                                0x00000000   Number         0  stubs.o ABSOLUTE
    _printf_i                                0x00000000   Number         0  stubs.o ABSOLUTE
    _printf_int_dec                          0x00000000   Number         0  stubs.o ABSOLUTE
    _printf_l                                0x00000000   Number         0  stubs.o ABSOLUTE
    _printf_lc                               0x00000000   Number         0  stubs.o ABSOLUTE
    _printf_ll                               0x00000000   Number         0  stubs.o ABSOLUTE
    _printf_lld                              0x00000000   Number         0  stubs.o ABSOLUTE
    _printf_lli                              0x00000000   Number         0  stubs.o ABSOLUTE
    _printf_llo                              0x00000000   Number         0  stubs.o ABSOLUTE
    _printf_llu                              0x00000000   Number         0  stubs.o ABSOLUTE
    _printf_llx                              0x00000000   Number         0  stubs.o ABSOLUTE
    _printf_longlong_dec                     0x00000000   Number         0  stubs.o ABSOLUTE
    _printf_longlong_hex                     0x00000000   Number         0  stubs.o ABSOLUTE
    _printf_longlong_oct                     0x00000000   Number         0  stubs.o ABSOLUTE
    _printf_ls                               0x00000000   Number         0  stubs.o ABSOLUTE
    _printf_mbtowc                           0x00000000   Number         0  stubs.o ABSOLUTE
    _printf_n                                0x00000000   Number         0  stubs.o ABSOLUTE
    _printf_o                                0x00000000   Number         0  stubs.o ABSOLUTE
    _printf_p                                0x00000000   Number         0  stubs.o ABSOLUTE
    _printf_percent                          0x00000000   Number         0  stubs.o ABSOLUTE
    _printf_pre_padding                      0x00000000   Number         0  stubs.o ABSOLUTE
    _printf_return_value                     0x00000000   Number         0  stubs.o ABSOLUTE
    _printf_s                                0x00000000   Number         0  stubs.o ABSOLUTE
    _printf_sizespec                         0x00000000   Number         0  stubs.o ABSOLUTE
    _printf_str                              0x00000000   Number         0  stubs.o ABSOLUTE
    _printf_truncate_signed                  0x00000000   Number         0  stubs.o ABSOLUTE
    _printf_truncate_unsigned                0x00000000   Number         0  stubs.o ABSOLUTE
    _printf_u                                0x00000000   Number         0  stubs.o ABSOLUTE
    _printf_wc                               0x00000000   Number         0  stubs.o ABSOLUTE
    _printf_wctomb                           0x00000000   Number         0  stubs.o ABSOLUTE
    _printf_widthprec                        0x00000000   Number         0  stubs.o ABSOLUTE
    _printf_x                                0x00000000   Number         0  stubs.o ABSOLUTE
    __arm_fini_                               - Undefined Weak Reference
    __cpp_initialize__aeabi_                  - Undefined Weak Reference
    __cxa_finalize                            - Undefined Weak Reference
    _clock_init                               - Undefined Weak Reference
    _microlib_exit                            - Undefined Weak Reference
    _scanf_longlong                           - Undefined Weak Reference
    _scanf_real                               - Undefined Weak Reference
    _scanf_string                             - Undefined Weak Reference
    __Vectors_Size                           0x000000ec   Number         0  startup_stm32f103xb.o ABSOLUTE
    __Vectors                                0x08000000   Data           4  startup_stm32f103xb.o(RESET)
    __Vectors_End                            0x080000ec   Data           0  startup_stm32f103xb.o(RESET)
    __main                                   0x080000ed   Thumb Code     0  entry.o(.ARM.Collect$$$$00000000)
    _main_stk                                0x080000ed   Thumb Code     0  entry2.o(.ARM.Collect$$$$00000001)
    _main_scatterload                        0x080000f1   Thumb Code     0  entry5.o(.ARM.Collect$$$$00000004)
    __main_after_scatterload                 0x080000f5   Thumb Code     0  entry5.o(.ARM.Collect$$$$00000004)
    _main_clock                              0x080000f5   Thumb Code     0  entry7b.o(.ARM.Collect$$$$00000008)
    _main_cpp_init                           0x080000f5   Thumb Code     0  entry8b.o(.ARM.Collect$$$$0000000A)
    _main_init                               0x080000f5   Thumb Code     0  entry9a.o(.ARM.Collect$$$$0000000B)
    __rt_lib_shutdown_fini                   0x080000fd   Thumb Code     0  entry12b.o(.ARM.Collect$$$$0000000E)
    __rt_final_cpp                           0x08000101   Thumb Code     0  entry10a.o(.ARM.Collect$$$$0000000F)
    __rt_final_exit                          0x08000101   Thumb Code     0  entry11a.o(.ARM.Collect$$$$00000011)
    SVC_Handler                              0x08000105   Thumb Code    32  port.o(.emb_text)
    __asm___6_port_c_39a90d8d__prvStartFirstTask 0x08000129   Thumb Code    28  port.o(.emb_text)
    PendSV_Handler                           0x08000149   Thumb Code    72  port.o(.emb_text)
    vPortGetIPSR                             0x08000195   Thumb Code     6  port.o(.emb_text)
    Reset_Handler                            0x0800019d   Thumb Code     8  startup_stm32f103xb.o(.text)
    ADC1_2_IRQHandler                        0x080001b7   Thumb Code     0  startup_stm32f103xb.o(.text)
    CAN1_RX1_IRQHandler                      0x080001b7   Thumb Code     0  startup_stm32f103xb.o(.text)
    CAN1_SCE_IRQHandler                      0x080001b7   Thumb Code     0  startup_stm32f103xb.o(.text)
    DMA1_Channel1_IRQHandler                 0x080001b7   Thumb Code     0  startup_stm32f103xb.o(.text)
    DMA1_Channel2_IRQHandler                 0x080001b7   Thumb Code     0  startup_stm32f103xb.o(.text)
    DMA1_Channel3_IRQHandler                 0x080001b7   Thumb Code     0  startup_stm32f103xb.o(.text)
    DMA1_Channel4_IRQHandler                 0x080001b7   Thumb Code     0  startup_stm32f103xb.o(.text)
    DMA1_Channel5_IRQHandler                 0x080001b7   Thumb Code     0  startup_stm32f103xb.o(.text)
    DMA1_Channel6_IRQHandler                 0x080001b7   Thumb Code     0  startup_stm32f103xb.o(.text)
    DMA1_Channel7_IRQHandler                 0x080001b7   Thumb Code     0  startup_stm32f103xb.o(.text)
    EXTI0_IRQHandler                         0x080001b7   Thumb Code     0  startup_stm32f103xb.o(.text)
    EXTI15_10_IRQHandler                     0x080001b7   Thumb Code     0  startup_stm32f103xb.o(.text)
    EXTI1_IRQHandler                         0x080001b7   Thumb Code     0  startup_stm32f103xb.o(.text)
    EXTI2_IRQHandler                         0x080001b7   Thumb Code     0  startup_stm32f103xb.o(.text)
    EXTI3_IRQHandler                         0x080001b7   Thumb Code     0  startup_stm32f103xb.o(.text)
    EXTI4_IRQHandler                         0x080001b7   Thumb Code     0  startup_stm32f103xb.o(.text)
    EXTI9_5_IRQHandler                       0x080001b7   Thumb Code     0  startup_stm32f103xb.o(.text)
    FLASH_IRQHandler                         0x080001b7   Thumb Code     0  startup_stm32f103xb.o(.text)
    I2C1_ER_IRQHandler                       0x080001b7   Thumb Code     0  startup_stm32f103xb.o(.text)
    I2C1_EV_IRQHandler                       0x080001b7   Thumb Code     0  startup_stm32f103xb.o(.text)
    I2C2_ER_IRQHandler                       0x080001b7   Thumb Code     0  startup_stm32f103xb.o(.text)
    I2C2_EV_IRQHandler                       0x080001b7   Thumb Code     0  startup_stm32f103xb.o(.text)
    PVD_IRQHandler                           0x080001b7   Thumb Code     0  startup_stm32f103xb.o(.text)
    RCC_IRQHandler                           0x080001b7   Thumb Code     0  startup_stm32f103xb.o(.text)
    RTC_Alarm_IRQHandler                     0x080001b7   Thumb Code     0  startup_stm32f103xb.o(.text)
    RTC_IRQHandler                           0x080001b7   Thumb Code     0  startup_stm32f103xb.o(.text)
    SPI1_IRQHandler                          0x080001b7   Thumb Code     0  startup_stm32f103xb.o(.text)
    SPI2_IRQHandler                          0x080001b7   Thumb Code     0  startup_stm32f103xb.o(.text)
    TAMPER_IRQHandler                        0x080001b7   Thumb Code     0  startup_stm32f103xb.o(.text)
    TIM1_BRK_IRQHandler                      0x080001b7   Thumb Code     0  startup_stm32f103xb.o(.text)
    TIM1_CC_IRQHandler                       0x080001b7   Thumb Code     0  startup_stm32f103xb.o(.text)
    TIM1_TRG_COM_IRQHandler                  0x080001b7   Thumb Code     0  startup_stm32f103xb.o(.text)
    TIM1_UP_IRQHandler                       0x080001b7   Thumb Code     0  startup_stm32f103xb.o(.text)
    TIM2_IRQHandler                          0x080001b7   Thumb Code     0  startup_stm32f103xb.o(.text)
    TIM4_IRQHandler                          0x080001b7   Thumb Code     0  startup_stm32f103xb.o(.text)
    USART1_IRQHandler                        0x080001b7   Thumb Code     0  startup_stm32f103xb.o(.text)
    USART3_IRQHandler                        0x080001b7   Thumb Code     0  startup_stm32f103xb.o(.text)
    USBWakeUp_IRQHandler                     0x080001b7   Thumb Code     0  startup_stm32f103xb.o(.text)
    USB_HP_CAN1_TX_IRQHandler                0x080001b7   Thumb Code     0  startup_stm32f103xb.o(.text)
    USB_LP_CAN1_RX0_IRQHandler               0x080001b7   Thumb Code     0  startup_stm32f103xb.o(.text)
    WWDG_IRQHandler                          0x080001b7   Thumb Code     0  startup_stm32f103xb.o(.text)
    __aeabi_llsr                             0x080001c1   Thumb Code    32  llushr.o(.text)
    _ll_ushift_r                             0x080001c1   Thumb Code     0  llushr.o(.text)
    __aeabi_memcpy                           0x080001e1   Thumb Code    36  memcpya.o(.text)
    __aeabi_memcpy4                          0x080001e1   Thumb Code     0  memcpya.o(.text)
    __aeabi_memcpy8                          0x080001e1   Thumb Code     0  memcpya.o(.text)
    __aeabi_memset                           0x08000205   Thumb Code    14  memseta.o(.text)
    __aeabi_memset4                          0x08000205   Thumb Code     0  memseta.o(.text)
    __aeabi_memset8                          0x08000205   Thumb Code     0  memseta.o(.text)
    __aeabi_memclr                           0x08000213   Thumb Code     4  memseta.o(.text)
    __aeabi_memclr4                          0x08000213   Thumb Code     0  memseta.o(.text)
    __aeabi_memclr8                          0x08000213   Thumb Code     0  memseta.o(.text)
    _memset$wrapper                          0x08000217   Thumb Code    18  memseta.o(.text)
    strlen                                   0x08000229   Thumb Code    14  strlen.o(.text)
    strrchr                                  0x08000237   Thumb Code    22  strrchr.o(.text)
    __aeabi_fadd                             0x0800024d   Thumb Code   164  fadd.o(.text)
    __aeabi_fsub                             0x080002f1   Thumb Code     6  fadd.o(.text)
    __aeabi_frsub                            0x080002f7   Thumb Code     6  fadd.o(.text)
    __aeabi_fmul                             0x080002fd   Thumb Code   100  fmul.o(.text)
    __aeabi_fdiv                             0x08000361   Thumb Code   124  fdiv.o(.text)
    __aeabi_dadd                             0x080003dd   Thumb Code   322  dadd.o(.text)
    __aeabi_dsub                             0x0800051f   Thumb Code     6  dadd.o(.text)
    __aeabi_drsub                            0x08000525   Thumb Code     6  dadd.o(.text)
    __aeabi_dmul                             0x0800052b   Thumb Code   228  dmul.o(.text)
    __aeabi_ddiv                             0x0800060f   Thumb Code   222  ddiv.o(.text)
    __aeabi_i2f                              0x080006ed   Thumb Code    18  fflti.o(.text)
    __aeabi_f2iz                             0x080006ff   Thumb Code    50  ffixi.o(.text)
    __aeabi_f2d                              0x08000731   Thumb Code    38  f2d.o(.text)
    __aeabi_d2f                              0x08000757   Thumb Code    56  d2f.o(.text)
    __aeabi_cfcmpeq                          0x08000791   Thumb Code     0  cfcmple.o(.text)
    __aeabi_cfcmple                          0x08000791   Thumb Code    20  cfcmple.o(.text)
    __aeabi_cfrcmple                         0x080007a5   Thumb Code    20  cfrcmple.o(.text)
    __aeabi_uidiv                            0x080007b9   Thumb Code     0  uidiv.o(.text)
    __aeabi_uidivmod                         0x080007b9   Thumb Code    44  uidiv.o(.text)
    __aeabi_llsl                             0x080007e5   Thumb Code    30  llshl.o(.text)
    _ll_shift_l                              0x080007e5   Thumb Code     0  llshl.o(.text)
    __aeabi_lasr                             0x08000803   Thumb Code    36  llsshr.o(.text)
    _ll_sshift_r                             0x08000803   Thumb Code     0  llsshr.o(.text)
    __I$use$fp                               0x08000827   Thumb Code     0  iusefp.o(.text)
    _float_round                             0x08000827   Thumb Code    18  fepilogue.o(.text)
    _float_epilogue                          0x08000839   Thumb Code    92  fepilogue.o(.text)
    _double_round                            0x08000895   Thumb Code    30  depilogue.o(.text)
    _double_epilogue                         0x080008b3   Thumb Code   156  depilogue.o(.text)
    __scatterload                            0x08000951   Thumb Code    28  init.o(.text)
    __scatterload_rt2                        0x08000951   Thumb Code     0  init.o(.text)
    __decompress                             0x08000975   Thumb Code     0  __dczerorl2.o(.text)
    __decompress1                            0x08000975   Thumb Code    86  __dczerorl2.o(.text)
    App_Display_Init                         0x080009cb   Thumb Code    40  app_display.o(i.App_Display_Init)
    App_Display_Show                         0x080009f5   Thumb Code   382  app_display.o(i.App_Display_Show)
    App_EEPROM_LoadModbusID                  0x08000bb5   Thumb Code    44  app_eeprom.o(i.App_EEPROM_LoadModbusID)
    App_EEPROM_SaveModbusID                  0x08000be5   Thumb Code    24  app_eeprom.o(i.App_EEPROM_SaveModbusID)
    App_Key_Handle                           0x08000c01   Thumb Code  1854  app_key.o(i.App_Key_Handle)
    App_Modbus_Handle                        0x080013b5   Thumb Code     8  app_modbus.o(i.App_Modbus_Handle)
    App_Modbus_Init                          0x080013bd   Thumb Code    28  app_modbus.o(i.App_Modbus_Init)
    App_Motor_CheckModbus                    0x080013dd   Thumb Code   292  app_motor.o(i.App_Motor_CheckModbus)
    App_Motor_GetDir                         0x08001569   Thumb Code    34  app_motor.o(i.App_Motor_GetDir)
    App_Motor_GetSpeed                       0x08001595   Thumb Code   200  app_motor.o(i.App_Motor_GetSpeed)
    App_Motor_Init                           0x08001691   Thumb Code    16  app_motor.o(i.App_Motor_Init)
    App_Motor_Run                            0x080016a5   Thumb Code   154  app_motor.o(i.App_Motor_Run)
    App_Task_Start                           0x08001759   Thumb Code   356  app_task.o(i.App_Task_Start)
    BusFault_Handler                         0x08001945   Thumb Code     4  stm32f1xx_it.o(i.BusFault_Handler)
    Com_Util_PID                             0x08001949   Thumb Code   102  com_util.o(i.Com_Util_PID)
    DebugMon_Handler                         0x080019af   Thumb Code     2  stm32f1xx_it.o(i.DebugMon_Handler)
    Error_Handler                            0x080019b1   Thumb Code     6  main.o(i.Error_Handler)
    HAL_DMA_Abort                            0x080019b7   Thumb Code    86  stm32f1xx_hal_dma.o(i.HAL_DMA_Abort)
    HAL_DMA_Abort_IT                         0x08001a0d   Thumb Code   172  stm32f1xx_hal_dma.o(i.HAL_DMA_Abort_IT)
    HAL_Delay                                0x08001abd   Thumb Code    36  stm32f1xx_hal.o(i.HAL_Delay)
    HAL_GPIO_Init                            0x08001ae5   Thumb Code   766  stm32f1xx_hal_gpio.o(i.HAL_GPIO_Init)
    HAL_GPIO_ReadPin                         0x08001e05   Thumb Code    16  stm32f1xx_hal_gpio.o(i.HAL_GPIO_ReadPin)
    HAL_GPIO_WritePin                        0x08001e15   Thumb Code    12  stm32f1xx_hal_gpio.o(i.HAL_GPIO_WritePin)
    HAL_GetTick                              0x08001e21   Thumb Code     6  stm32f1xx_hal.o(i.HAL_GetTick)
    HAL_I2C_GetState                         0x08001e2d   Thumb Code     8  stm32f1xx_hal_i2c.o(i.HAL_I2C_GetState)
    HAL_I2C_Init                             0x08001e35   Thumb Code   446  stm32f1xx_hal_i2c.o(i.HAL_I2C_Init)
    HAL_I2C_Master_Transmit                  0x08002005   Thumb Code   360  stm32f1xx_hal_i2c.o(i.HAL_I2C_Master_Transmit)
    HAL_I2C_Mem_Read                         0x08002175   Thumb Code   868  stm32f1xx_hal_i2c.o(i.HAL_I2C_Mem_Read)
    HAL_I2C_Mem_Write                        0x080024e9   Thumb Code   348  stm32f1xx_hal_i2c.o(i.HAL_I2C_Mem_Write)
    HAL_I2C_MspInit                          0x0800264d   Thumb Code   106  i2c.o(i.HAL_I2C_MspInit)
    HAL_IncTick                              0x080026c5   Thumb Code    16  stm32f1xx_hal.o(i.HAL_IncTick)
    HAL_Init                                 0x080026dd   Thumb Code    34  stm32f1xx_hal.o(i.HAL_Init)
    HAL_InitTick                             0x08002705   Thumb Code    64  stm32f1xx_hal.o(i.HAL_InitTick)
    HAL_MspInit                              0x08002751   Thumb Code    76  stm32f1xx_hal_msp.o(i.HAL_MspInit)
    HAL_NVIC_EnableIRQ                       0x080027a5   Thumb Code    32  stm32f1xx_hal_cortex.o(i.HAL_NVIC_EnableIRQ)
    HAL_NVIC_SetPriority                     0x080027c5   Thumb Code   124  stm32f1xx_hal_cortex.o(i.HAL_NVIC_SetPriority)
    HAL_NVIC_SetPriorityGrouping             0x08002841   Thumb Code    32  stm32f1xx_hal_cortex.o(i.HAL_NVIC_SetPriorityGrouping)
    HAL_RCC_ClockConfig                      0x08002869   Thumb Code   376  stm32f1xx_hal_rcc.o(i.HAL_RCC_ClockConfig)
    HAL_RCC_GetHCLKFreq                      0x080029f5   Thumb Code     6  stm32f1xx_hal_rcc.o(i.HAL_RCC_GetHCLKFreq)
    HAL_RCC_GetPCLK1Freq                     0x08002a01   Thumb Code    22  stm32f1xx_hal_rcc.o(i.HAL_RCC_GetPCLK1Freq)
    HAL_RCC_GetPCLK2Freq                     0x08002a21   Thumb Code    22  stm32f1xx_hal_rcc.o(i.HAL_RCC_GetPCLK2Freq)
    HAL_RCC_GetSysClockFreq                  0x08002a41   Thumb Code    92  stm32f1xx_hal_rcc.o(i.HAL_RCC_GetSysClockFreq)
    HAL_RCC_OscConfig                        0x08002ab1   Thumb Code  1114  stm32f1xx_hal_rcc.o(i.HAL_RCC_OscConfig)
    HAL_SYSTICK_Config                       0x08002f15   Thumb Code    52  stm32f1xx_hal_cortex.o(i.HAL_SYSTICK_Config)
    HAL_TIMEx_BreakCallback                  0x08002f49   Thumb Code     2  stm32f1xx_hal_tim_ex.o(i.HAL_TIMEx_BreakCallback)
    HAL_TIMEx_CommutCallback                 0x08002f4b   Thumb Code     2  stm32f1xx_hal_tim_ex.o(i.HAL_TIMEx_CommutCallback)
    HAL_TIMEx_ConfigBreakDeadTime            0x08002f4d   Thumb Code   116  stm32f1xx_hal_tim_ex.o(i.HAL_TIMEx_ConfigBreakDeadTime)
    HAL_TIMEx_MasterConfigSynchronization    0x08002fc1   Thumb Code   118  stm32f1xx_hal_tim_ex.o(i.HAL_TIMEx_MasterConfigSynchronization)
    HAL_TIMEx_PWMN_Start                     0x08003045   Thumb Code   182  stm32f1xx_hal_tim_ex.o(i.HAL_TIMEx_PWMN_Start)
    HAL_TIM_Base_Init                        0x08003109   Thumb Code   102  stm32f1xx_hal_tim.o(i.HAL_TIM_Base_Init)
    HAL_TIM_Base_MspInit                     0x08003171   Thumb Code    94  tim.o(i.HAL_TIM_Base_MspInit)
    HAL_TIM_Base_Start_IT                    0x080031dd   Thumb Code   106  stm32f1xx_hal_tim.o(i.HAL_TIM_Base_Start_IT)
    HAL_TIM_Base_Stop_IT                     0x08003255   Thumb Code    62  stm32f1xx_hal_tim.o(i.HAL_TIM_Base_Stop_IT)
    HAL_TIM_ConfigClockSource                0x08003293   Thumb Code   268  stm32f1xx_hal_tim.o(i.HAL_TIM_ConfigClockSource)
    HAL_TIM_Encoder_Init                     0x0800339f   Thumb Code   196  stm32f1xx_hal_tim.o(i.HAL_TIM_Encoder_Init)
    HAL_TIM_Encoder_MspInit                  0x08003465   Thumb Code   100  tim.o(i.HAL_TIM_Encoder_MspInit)
    HAL_TIM_Encoder_Start                    0x080034d5   Thumb Code   204  stm32f1xx_hal_tim.o(i.HAL_TIM_Encoder_Start)
    HAL_TIM_IC_CaptureCallback               0x080035a1   Thumb Code     2  stm32f1xx_hal_tim.o(i.HAL_TIM_IC_CaptureCallback)
    HAL_TIM_IRQHandler                       0x080035a3   Thumb Code   364  stm32f1xx_hal_tim.o(i.HAL_TIM_IRQHandler)
    HAL_TIM_MspPostInit                      0x08003711   Thumb Code   122  tim.o(i.HAL_TIM_MspPostInit)
    HAL_TIM_OC_DelayElapsedCallback          0x0800379d   Thumb Code     2  stm32f1xx_hal_tim.o(i.HAL_TIM_OC_DelayElapsedCallback)
    HAL_TIM_PWM_ConfigChannel                0x0800379f   Thumb Code   260  stm32f1xx_hal_tim.o(i.HAL_TIM_PWM_ConfigChannel)
    HAL_TIM_PWM_Init                         0x080038a3   Thumb Code   102  stm32f1xx_hal_tim.o(i.HAL_TIM_PWM_Init)
    HAL_TIM_PWM_MspInit                      0x08003909   Thumb Code     2  stm32f1xx_hal_tim.o(i.HAL_TIM_PWM_MspInit)
    HAL_TIM_PWM_PulseFinishedCallback        0x0800390b   Thumb Code     2  stm32f1xx_hal_tim.o(i.HAL_TIM_PWM_PulseFinishedCallback)
    HAL_TIM_PWM_Start                        0x0800390d   Thumb Code   198  stm32f1xx_hal_tim.o(i.HAL_TIM_PWM_Start)
    HAL_TIM_PeriodElapsedCallback            0x080039e1   Thumb Code     2  stm32f1xx_hal_tim.o(i.HAL_TIM_PeriodElapsedCallback)
    HAL_TIM_TriggerCallback                  0x080039e3   Thumb Code     2  stm32f1xx_hal_tim.o(i.HAL_TIM_TriggerCallback)
    HAL_UARTEx_RxEventCallback               0x080039e5   Thumb Code     2  stm32f1xx_hal_uart.o(i.HAL_UARTEx_RxEventCallback)
    HAL_UART_ErrorCallback                   0x080039e7   Thumb Code     2  stm32f1xx_hal_uart.o(i.HAL_UART_ErrorCallback)
    HAL_UART_IRQHandler                      0x080039e9   Thumb Code   736  stm32f1xx_hal_uart.o(i.HAL_UART_IRQHandler)
    HAL_UART_Init                            0x08003ccd   Thumb Code   118  stm32f1xx_hal_uart.o(i.HAL_UART_Init)
    HAL_UART_MspInit                         0x08003d45   Thumb Code   240  usart.o(i.HAL_UART_MspInit)
    HAL_UART_RxCpltCallback                  0x08003e45   Thumb Code     2  stm32f1xx_hal_uart.o(i.HAL_UART_RxCpltCallback)
    HAL_UART_Transmit                        0x08003e47   Thumb Code   190  stm32f1xx_hal_uart.o(i.HAL_UART_Transmit)
    HAL_UART_TxCpltCallback                  0x08003f05   Thumb Code     2  stm32f1xx_hal_uart.o(i.HAL_UART_TxCpltCallback)
    HardFault_Handler                        0x08003f07   Thumb Code     4  stm32f1xx_it.o(i.HardFault_Handler)
    Inf_OLED_Clear                           0x08004559   Thumb Code    42  int_oled.o(i.Inf_OLED_Clear)
    Inf_OLED_DrawPoint                       0x08004589   Thumb Code   114  int_oled.o(i.Inf_OLED_DrawPoint)
    Inf_OLED_Init                            0x08004601   Thumb Code   240  int_oled.o(i.Inf_OLED_Init)
    Inf_OLED_Pow                             0x080046f1   Thumb Code    22  int_oled.o(i.Inf_OLED_Pow)
    Inf_OLED_Refresh                         0x08004709   Thumb Code    70  int_oled.o(i.Inf_OLED_Refresh)
    Inf_OLED_ShowChar                        0x08004755   Thumb Code   300  int_oled.o(i.Inf_OLED_ShowChar)
    Inf_OLED_ShowChinese                     0x08004891   Thumb Code   186  int_oled.o(i.Inf_OLED_ShowChinese)
    Inf_OLED_ShowNum                         0x08004951   Thumb Code   140  int_oled.o(i.Inf_OLED_ShowNum)
    Inf_OLED_ShowString                      0x080049dd   Thumb Code    80  int_oled.o(i.Inf_OLED_ShowString)
    Inf_OLED_WR_Byte                         0x08004a2d   Thumb Code    40  int_oled.o(i.Inf_OLED_WR_Byte)
    Int_Key_Scan                             0x08004ab1   Thumb Code    40  int_key.o(i.Int_Key_Scan)
    Int_M24C02_ReadByte                      0x08004add   Thumb Code    32  int_m24c02.o(i.Int_M24C02_ReadByte)
    Int_M24C02_WriteByte                     0x08004b01   Thumb Code    60  int_m24c02.o(i.Int_M24C02_WriteByte)
    Int_Motor_Init                           0x08004b41   Thumb Code    20  int_motor.o(i.Int_Motor_Init)
    Int_Motor_SetSpeed                       0x08004b59   Thumb Code    12  int_motor.o(i.Int_Motor_SetSpeed)
    Int_Motor_Start                          0x08004b69   Thumb Code    20  int_motor.o(i.Int_Motor_Start)
    Int_Motor_Stop                           0x08004b85   Thumb Code    24  int_motor.o(i.Int_Motor_Stop)
    MX_GPIO_Init                             0x08004ba9   Thumb Code   202  gpio.o(i.MX_GPIO_Init)
    MX_I2C2_Init                             0x08004c81   Thumb Code    48  i2c.o(i.MX_I2C2_Init)
    MX_TIM1_Init                             0x08004cbd   Thumb Code   214  tim.o(i.MX_TIM1_Init)
    MX_TIM3_Init                             0x08004d9d   Thumb Code   100  tim.o(i.MX_TIM3_Init)
    MX_TIM4_Init                             0x08004e09   Thumb Code   114  tim.o(i.MX_TIM4_Init)
    MX_USART1_UART_Init                      0x08004e85   Thumb Code    46  usart.o(i.MX_USART1_UART_Init)
    MX_USART2_UART_Init                      0x08004ebd   Thumb Code    46  usart.o(i.MX_USART2_UART_Init)
    MemManage_Handler                        0x08004ef5   Thumb Code     4  stm32f1xx_it.o(i.MemManage_Handler)
    NMI_Handler                              0x08004ef9   Thumb Code     4  stm32f1xx_it.o(i.NMI_Handler)
    SysTick_Handler                          0x08004f25   Thumb Code    20  stm32f1xx_it.o(i.SysTick_Handler)
    SystemClock_Config                       0x08004f39   Thumb Code   102  main.o(i.SystemClock_Config)
    SystemInit                               0x08004f9f   Thumb Code     2  system_stm32f1xx.o(i.SystemInit)
    TIM3_IRQHandler                          0x08004fa1   Thumb Code    36  porttimer.o(i.TIM3_IRQHandler)
    TIM_Base_SetConfig                       0x08004fc9   Thumb Code   120  stm32f1xx_hal_tim.o(i.TIM_Base_SetConfig)
    TIM_CCxChannelCmd                        0x0800504d   Thumb Code    34  stm32f1xx_hal_tim.o(i.TIM_CCxChannelCmd)
    TIM_ETR_SetConfig                        0x08005091   Thumb Code    22  stm32f1xx_hal_tim.o(i.TIM_ETR_SetConfig)
    TIM_OC2_SetConfig                        0x08005119   Thumb Code   100  stm32f1xx_hal_tim.o(i.TIM_OC2_SetConfig)
    USART2_IRQHandler                        0x08005605   Thumb Code    62  portserial.o(i.USART2_IRQHandler)
    UsageFault_Handler                       0x08005649   Thumb Code     4  stm32f1xx_it.o(i.UsageFault_Handler)
    __0printf$6                              0x0800564d   Thumb Code    22  printf6.o(i.__0printf$6)
    __1printf$6                              0x0800564d   Thumb Code     0  printf6.o(i.__0printf$6)
    __2printf                                0x0800564d   Thumb Code     0  printf6.o(i.__0printf$6)
    __scatterload_copy                       0x080056a5   Thumb Code    14  handlers.o(i.__scatterload_copy)
    __scatterload_null                       0x080056b3   Thumb Code     2  handlers.o(i.__scatterload_null)
    __scatterload_zeroinit                   0x080056b5   Thumb Code    14  handlers.o(i.__scatterload_zeroinit)
    display_task                             0x08005a09   Thumb Code   136  app_task.o(i.display_task)
    eMBASCIIInit                             0x08005acd   Thumb Code    60  mbascii.o(i.eMBASCIIInit)
    eMBASCIIReceive                          0x08005b0d   Thumb Code    68  mbascii.o(i.eMBASCIIReceive)
    eMBASCIISend                             0x08005b59   Thumb Code   102  mbascii.o(i.eMBASCIISend)
    eMBASCIIStart                            0x08005bd5   Thumb Code    22  mbascii.o(i.eMBASCIIStart)
    eMBASCIIStop                             0x08005bf1   Thumb Code    16  mbascii.o(i.eMBASCIIStop)
    eMBEnable                                0x08005c01   Thumb Code    32  mb.o(i.eMBEnable)
    eMBFuncReadCoils                         0x08005c29   Thumb Code   174  mbfunccoils.o(i.eMBFuncReadCoils)
    eMBFuncReadDiscreteInputs                0x08005cd7   Thumb Code   172  mbfuncdisc.o(i.eMBFuncReadDiscreteInputs)
    eMBFuncReadHoldingRegister               0x08005d83   Thumb Code   140  mbfuncholding.o(i.eMBFuncReadHoldingRegister)
    eMBFuncReadInputRegister                 0x08005e0f   Thumb Code   140  mbfuncinput.o(i.eMBFuncReadInputRegister)
    eMBFuncReadWriteMultipleHoldingRegister  0x08005e9b   Thumb Code   212  mbfuncholding.o(i.eMBFuncReadWriteMultipleHoldingRegister)
    eMBFuncReportSlaveID                     0x08005f71   Thumb Code    30  mbfuncother.o(i.eMBFuncReportSlaveID)
    eMBFuncWriteCoil                         0x08005f99   Thumb Code   112  mbfunccoils.o(i.eMBFuncWriteCoil)
    eMBFuncWriteHoldingRegister              0x08006009   Thumb Code    66  mbfuncholding.o(i.eMBFuncWriteHoldingRegister)
    eMBFuncWriteMultipleCoils                0x0800604b   Thumb Code   144  mbfunccoils.o(i.eMBFuncWriteMultipleCoils)
    eMBFuncWriteMultipleHoldingRegister      0x080060db   Thumb Code   110  mbfuncholding.o(i.eMBFuncWriteMultipleHoldingRegister)
    eMBInit                                  0x08006149   Thumb Code   222  mb.o(i.eMBInit)
    eMBPoll                                  0x0800628d   Thumb Code   268  mb.o(i.eMBPoll)
    eMBRTUInit                               0x080063c5   Thumb Code    76  mbrtu.o(i.eMBRTUInit)
    eMBRTUReceive                            0x08006415   Thumb Code    70  mbrtu.o(i.eMBRTUReceive)
    eMBRTUSend                               0x08006465   Thumb Code   116  mbrtu.o(i.eMBRTUSend)
    eMBRTUStart                              0x080064ed   Thumb Code    22  mbrtu.o(i.eMBRTUStart)
    eMBRTUStop                               0x08006509   Thumb Code    16  mbrtu.o(i.eMBRTUStop)
    eMBRegCoilsCB                            0x08006519   Thumb Code   540  port_1.o(i.eMBRegCoilsCB)
    eMBRegDiscreteCB                         0x080067b5   Thumb Code   136  port_1.o(i.eMBRegDiscreteCB)
    eMBRegHoldingCB                          0x08006841   Thumb Code    96  port_1.o(i.eMBRegHoldingCB)
    eMBRegInputCB                            0x080068a5   Thumb Code    60  port_1.o(i.eMBRegInputCB)
    eeprom_task                              0x080068e5   Thumb Code   132  app_task.o(i.eeprom_task)
    fputc                                    0x080069a9   Thumb Code    22  com_debug.o(i.fputc)
    key_task                                 0x080069c5   Thumb Code   132  app_task.o(i.key_task)
    main                                     0x08006a85   Thumb Code    44  main.o(i.main)
    modbus_task                              0x08006ab1   Thumb Code   142  app_task.o(i.modbus_task)
    motor_task                               0x08006b81   Thumb Code   152  app_task.o(i.motor_task)
    prveMBError2Exception                    0x08007083   Thumb Code    34  mbutils.o(i.prveMBError2Exception)
    pvPortMalloc                             0x08007141   Thumb Code   208  heap_4.o(i.pvPortMalloc)
    pxPortInitialiseStack                    0x08007225   Thumb Code    30  port.o(i.pxPortInitialiseStack)
    start_task                               0x08007249   Thumb Code  1754  app_task.o(i.start_task)
    ulTaskGenericNotifyTake                  0x08007995   Thumb Code   128  tasks.o(i.ulTaskGenericNotifyTake)
    usMBCRC16                                0x08007a1d   Thumb Code    48  mbcrc.o(i.usMBCRC16)
    uxListRemove                             0x08007a55   Thumb Code    40  list.o(i.uxListRemove)
    vListInitialise                          0x08007a7d   Thumb Code    26  list.o(i.vListInitialise)
    vListInitialiseItem                      0x08007a97   Thumb Code     6  list.o(i.vListInitialiseItem)
    vListInsert                              0x08007a9d   Thumb Code    52  list.o(i.vListInsert)
    vListInsertEnd                           0x08007ad1   Thumb Code    24  list.o(i.vListInsertEnd)
    vMBPortSerialEnable                      0x08007ae9   Thumb Code    74  portserial.o(i.vMBPortSerialEnable)
    vMBPortTimersDisable                     0x08007b39   Thumb Code    10  porttimer.o(i.vMBPortTimersDisable)
    vMBPortTimersEnable                      0x08007b49   Thumb Code    18  porttimer.o(i.vMBPortTimersEnable)
    vPortEnterCritical                       0x08007b61   Thumb Code    30  port.o(i.vPortEnterCritical)
    vPortExitCritical                        0x08007b85   Thumb Code    28  port.o(i.vPortExitCritical)
    vPortFree                                0x08007ba5   Thumb Code    68  heap_4.o(i.vPortFree)
    vPortSetupTimerInterrupt                 0x08007bf1   Thumb Code    20  port.o(i.vPortSetupTimerInterrupt)
    vTaskDelay                               0x08007c09   Thumb Code    46  tasks.o(i.vTaskDelay)
    vTaskDelete                              0x08007c3d   Thumb Code   174  tasks.o(i.vTaskDelete)
    vTaskStartScheduler                      0x08007d11   Thumb Code    76  tasks.o(i.vTaskStartScheduler)
    vTaskSuspendAll                          0x08007d7d   Thumb Code    12  tasks.o(i.vTaskSuspendAll)
    vTaskSwitchContext                       0x08007d8d   Thumb Code    76  tasks.o(i.vTaskSwitchContext)
    xMBASCIIReceiveFSM                       0x08007ded   Thumb Code   276  mbascii.o(i.xMBASCIIReceiveFSM)
    xMBASCIITimerT1SExpired                  0x08007f15   Thumb Code    38  mbascii.o(i.xMBASCIITimerT1SExpired)
    xMBASCIITransmitFSM                      0x08007f41   Thumb Code   220  mbascii.o(i.xMBASCIITransmitFSM)
    xMBPortEventGet                          0x08008031   Thumb Code    26  portevent.o(i.xMBPortEventGet)
    xMBPortEventInit                         0x08008055   Thumb Code    10  portevent.o(i.xMBPortEventInit)
    xMBPortEventPost                         0x08008065   Thumb Code    16  portevent.o(i.xMBPortEventPost)
    xMBPortSerialGetByte                     0x0800807d   Thumb Code    12  portserial.o(i.xMBPortSerialGetByte)
    xMBPortSerialInit                        0x0800808d   Thumb Code     8  portserial.o(i.xMBPortSerialInit)
    xMBPortSerialPutByte                     0x08008095   Thumb Code    12  portserial.o(i.xMBPortSerialPutByte)
    xMBPortTimersInit                        0x080080a5   Thumb Code     6  porttimer.o(i.xMBPortTimersInit)
    xMBRTUReceiveFSM                         0x080080ad   Thumb Code   122  mbrtu.o(i.xMBRTUReceiveFSM)
    xMBRTUTimerT35Expired                    0x08008135   Thumb Code    60  mbrtu.o(i.xMBRTUTimerT35Expired)
    xMBRTUTransmitFSM                        0x08008175   Thumb Code    94  mbrtu.o(i.xMBRTUTransmitFSM)
    xPortStartScheduler                      0x080081e1   Thumb Code    42  port.o(i.xPortStartScheduler)
    xPortSysTickHandler                      0x08008215   Thumb Code    46  port.o(i.xPortSysTickHandler)
    xTaskCreate                              0x08008249   Thumb Code   104  tasks.o(i.xTaskCreate)
    xTaskDelayUntil                          0x080082b1   Thumb Code   108  tasks.o(i.xTaskDelayUntil)
    xTaskGenericNotify                       0x08008325   Thumb Code   314  tasks.o(i.xTaskGenericNotify)
    xTaskGetSchedulerState                   0x08008471   Thumb Code    24  tasks.o(i.xTaskGetSchedulerState)
    xTaskGetTickCount                        0x08008491   Thumb Code     6  tasks.o(i.xTaskGetTickCount)
    xTaskIncrementTick                       0x0800849d   Thumb Code   356  tasks.o(i.xTaskIncrementTick)
    xTaskResumeAll                           0x0800862d   Thumb Code   310  tasks.o(i.xTaskResumeAll)
    AHBPrescTable                            0x0800879a   Data          16  system_stm32f1xx.o(.constdata)
    APBPrescTable                            0x080087aa   Data           8  system_stm32f1xx.o(.constdata)
    asc2_0806                                0x080087b2   Data         552  int_oled.o(.constdata)
    asc2_1206                                0x080089da   Data        1140  int_oled.o(.constdata)
    asc2_1608                                0x08008e4e   Data        1520  int_oled.o(.constdata)
    asc2_2412                                0x0800943e   Data        3420  int_oled.o(.constdata)
    Hzk1                                     0x0800a19a   Data         320  int_oled.o(.constdata)
    Region$$Table$$Base                      0x0800a4dc   Number         0  anon$$obj.o(Region$$Table)
    Region$$Table$$Limit                     0x0800a4fc   Number         0  anon$$obj.o(Region$$Table)
    uwTick                                   0x20000000   Data           4  stm32f1xx_hal.o(.data)
    uwTickPrio                               0x20000004   Data           4  stm32f1xx_hal.o(.data)
    uwTickFreq                               0x20000008   Data           1  stm32f1xx_hal.o(.data)
    SystemCoreClock                          0x2000000c   Data           4  system_stm32f1xx.o(.data)
    start_task_handle                        0x20000010   Data           4  app_task.o(.data)
    display_task_handle                      0x20000014   Data           4  app_task.o(.data)
    key_task_handle                          0x20000018   Data           4  app_task.o(.data)
    eeprom_task_handle                       0x2000001c   Data           4  app_task.o(.data)
    motor_task_handle                        0x20000020   Data           4  app_task.o(.data)
    modbus_task_handle                       0x20000024   Data           4  app_task.o(.data)
    motor_pid                                0x2000002c   Data          36  app_motor.o(.data)
    g_desired_speed                          0x20000058   Data           2  com_define.o(.data)
    g_mesure_speed                           0x2000005a   Data           2  com_define.o(.data)
    g_motor_id                               0x2000005c   Data           1  com_define.o(.data)
    gs_key_mode                              0x2000005d   Data           1  com_define.o(.data)
    key_info                                 0x20000060   Data          64  int_key.o(.data)
    pxCurrentTCB                             0x200000c0   Data           4  tasks.o(.data)
    uxTopUsedPriority                        0x200000f8   Data           4  tasks.o(.data)
    pxMBFrameCBByteReceived                  0x20000118   Data           4  mb.o(.data)
    pxMBFrameCBTransmitterEmpty              0x2000011c   Data           4  mb.o(.data)
    pxMBPortCBTimerExpired                   0x20000120   Data           4  mb.o(.data)
    pxMBFrameCBReceiveFSMCur                 0x20000124   Data           4  mb.o(.data)
    pxMBFrameCBTransmitFSMCur                0x20000128   Data           4  mb.o(.data)
    __stdout                                 0x200001e0   Data           4  stdout.o(.data)
    hi2c2                                    0x200001e4   Data          84  i2c.o(.bss)
    htim1                                    0x20000238   Data          72  tim.o(.bss)
    htim3                                    0x20000280   Data          72  tim.o(.bss)
    htim4                                    0x200002c8   Data          72  tim.o(.bss)
    huart1                                   0x20000310   Data          72  usart.o(.bss)
    huart2                                   0x20000358   Data          72  usart.o(.bss)
    OLED_GRAM                                0x200003a0   Data        1152  int_oled.o(.bss)
    ucRTUBuf                                 0x20003b24   Data         256  mbrtu.o(.bss)
    REG_INPUT_BUF                            0x20003c24   Data          20  port_1.o(.bss)
    REG_HOLD_BUF                             0x20003c38   Data          20  port_1.o(.bss)
    REG_COILS_BUF                            0x20003c4c   Data          10  port_1.o(.bss)
    REG_DISC_BUF                             0x20003c56   Data          10  port_1.o(.bss)
    __initial_sp                             0x20004060   Data           0  startup_stm32f103xb.o(STACK)



==============================================================================

Memory Map of the image

  Image Entry point : 0x080000ed

  Load Region LR_IROM1 (Base: 0x08000000, Size: 0x0000a6e0, Max: 0x00010000, ABSOLUTE, COMPRESSED[0x0000a580])

    Execution Region ER_IROM1 (Exec base: 0x08000000, Load base: 0x08000000, Size: 0x0000a4fc, Max: 0x00010000, ABSOLUTE)

    Exec Addr    Load Addr    Size         Type   Attr      Idx    E Section Name        Object

    0x08000000   0x08000000   0x000000ec   Data   RO            3    RESET               startup_stm32f103xb.o
    0x080000ec   0x080000ec   0x00000000   Code   RO         5804  * .ARM.Collect$$$$00000000  mc_w.l(entry.o)
    0x080000ec   0x080000ec   0x00000004   Code   RO         6115    .ARM.Collect$$$$00000001  mc_w.l(entry2.o)
    0x080000f0   0x080000f0   0x00000004   Code   RO         6118    .ARM.Collect$$$$00000004  mc_w.l(entry5.o)
    0x080000f4   0x080000f4   0x00000000   Code   RO         6120    .ARM.Collect$$$$00000008  mc_w.l(entry7b.o)
    0x080000f4   0x080000f4   0x00000000   Code   RO         6122    .ARM.Collect$$$$0000000A  mc_w.l(entry8b.o)
    0x080000f4   0x080000f4   0x00000008   Code   RO         6123    .ARM.Collect$$$$0000000B  mc_w.l(entry9a.o)
    0x080000fc   0x080000fc   0x00000004   Code   RO         6130    .ARM.Collect$$$$0000000E  mc_w.l(entry12b.o)
    0x08000100   0x08000100   0x00000000   Code   RO         6125    .ARM.Collect$$$$0000000F  mc_w.l(entry10a.o)
    0x08000100   0x08000100   0x00000000   Code   RO         6127    .ARM.Collect$$$$00000011  mc_w.l(entry11a.o)
    0x08000100   0x08000100   0x00000004   Code   RO         6116    .ARM.Collect$$$$00002712  mc_w.l(entry2.o)
    0x08000104   0x08000104   0x00000096   Code   RO         4320    .emb_text           port.o
    0x0800019a   0x0800019a   0x00000002   PAD
    0x0800019c   0x0800019c   0x00000024   Code   RO            4    .text               startup_stm32f103xb.o
    0x080001c0   0x080001c0   0x00000020   Code   RO         5807    .text               mc_w.l(llushr.o)
    0x080001e0   0x080001e0   0x00000024   Code   RO         5816    .text               mc_w.l(memcpya.o)
    0x08000204   0x08000204   0x00000024   Code   RO         5818    .text               mc_w.l(memseta.o)
    0x08000228   0x08000228   0x0000000e   Code   RO         5820    .text               mc_w.l(strlen.o)
    0x08000236   0x08000236   0x00000016   Code   RO         5822    .text               mc_w.l(strrchr.o)
    0x0800024c   0x0800024c   0x000000b0   Code   RO         6091    .text               mf_w.l(fadd.o)
    0x080002fc   0x080002fc   0x00000064   Code   RO         6093    .text               mf_w.l(fmul.o)
    0x08000360   0x08000360   0x0000007c   Code   RO         6095    .text               mf_w.l(fdiv.o)
    0x080003dc   0x080003dc   0x0000014e   Code   RO         6097    .text               mf_w.l(dadd.o)
    0x0800052a   0x0800052a   0x000000e4   Code   RO         6099    .text               mf_w.l(dmul.o)
    0x0800060e   0x0800060e   0x000000de   Code   RO         6101    .text               mf_w.l(ddiv.o)
    0x080006ec   0x080006ec   0x00000012   Code   RO         6103    .text               mf_w.l(fflti.o)
    0x080006fe   0x080006fe   0x00000032   Code   RO         6105    .text               mf_w.l(ffixi.o)
    0x08000730   0x08000730   0x00000026   Code   RO         6107    .text               mf_w.l(f2d.o)
    0x08000756   0x08000756   0x00000038   Code   RO         6109    .text               mf_w.l(d2f.o)
    0x0800078e   0x0800078e   0x00000002   PAD
    0x08000790   0x08000790   0x00000014   Code   RO         6111    .text               mf_w.l(cfcmple.o)
    0x080007a4   0x080007a4   0x00000014   Code   RO         6113    .text               mf_w.l(cfrcmple.o)
    0x080007b8   0x080007b8   0x0000002c   Code   RO         6132    .text               mc_w.l(uidiv.o)
    0x080007e4   0x080007e4   0x0000001e   Code   RO         6136    .text               mc_w.l(llshl.o)
    0x08000802   0x08000802   0x00000024   Code   RO         6138    .text               mc_w.l(llsshr.o)
    0x08000826   0x08000826   0x00000000   Code   RO         6152    .text               mc_w.l(iusefp.o)
    0x08000826   0x08000826   0x0000006e   Code   RO         6153    .text               mf_w.l(fepilogue.o)
    0x08000894   0x08000894   0x000000ba   Code   RO         6155    .text               mf_w.l(depilogue.o)
    0x0800094e   0x0800094e   0x00000002   PAD
    0x08000950   0x08000950   0x00000024   Code   RO         6161    .text               mc_w.l(init.o)
    0x08000974   0x08000974   0x00000056   Code   RO         6178    .text               mc_w.l(__dczerorl2.o)
    0x080009ca   0x080009ca   0x00000028   Code   RO         3686    i.App_Display_Init  app_display.o
    0x080009f2   0x080009f2   0x00000002   PAD
    0x080009f4   0x080009f4   0x000001c0   Code   RO         3687    i.App_Display_Show  app_display.o
    0x08000bb4   0x08000bb4   0x00000030   Code   RO         3747    i.App_EEPROM_LoadModbusID  app_eeprom.o
    0x08000be4   0x08000be4   0x0000001c   Code   RO         3748    i.App_EEPROM_SaveModbusID  app_eeprom.o
    0x08000c00   0x08000c00   0x000007b4   Code   RO         3719    i.App_Key_Handle    app_key.o
    0x080013b4   0x080013b4   0x00000008   Code   RO         3831    i.App_Modbus_Handle  app_modbus.o
    0x080013bc   0x080013bc   0x00000020   Code   RO         3832    i.App_Modbus_Init   app_modbus.o
    0x080013dc   0x080013dc   0x0000018c   Code   RO         3780    i.App_Motor_CheckModbus  app_motor.o
    0x08001568   0x08001568   0x0000002c   Code   RO         3781    i.App_Motor_GetDir  app_motor.o
    0x08001594   0x08001594   0x000000fc   Code   RO         3782    i.App_Motor_GetSpeed  app_motor.o
    0x08001690   0x08001690   0x00000014   Code   RO         3783    i.App_Motor_Init    app_motor.o
    0x080016a4   0x080016a4   0x000000b4   Code   RO         3784    i.App_Motor_Run     app_motor.o
    0x08001758   0x08001758   0x000001ec   Code   RO         3443    i.App_Task_Start    app_task.o
    0x08001944   0x08001944   0x00000004   Code   RO          441    i.BusFault_Handler  stm32f1xx_it.o
    0x08001948   0x08001948   0x00000066   Code   RO         3910    i.Com_Util_PID      com_util.o
    0x080019ae   0x080019ae   0x00000002   Code   RO          442    i.DebugMon_Handler  stm32f1xx_it.o
    0x080019b0   0x080019b0   0x00000006   Code   RO           13    i.Error_Handler     main.o
    0x080019b6   0x080019b6   0x00000056   Code   RO         1427    i.HAL_DMA_Abort     stm32f1xx_hal_dma.o
    0x08001a0c   0x08001a0c   0x000000b0   Code   RO         1428    i.HAL_DMA_Abort_IT  stm32f1xx_hal_dma.o
    0x08001abc   0x08001abc   0x00000028   Code   RO         1048    i.HAL_Delay         stm32f1xx_hal.o
    0x08001ae4   0x08001ae4   0x00000320   Code   RO         1363    i.HAL_GPIO_Init     stm32f1xx_hal_gpio.o
    0x08001e04   0x08001e04   0x00000010   Code   RO         1365    i.HAL_GPIO_ReadPin  stm32f1xx_hal_gpio.o
    0x08001e14   0x08001e14   0x0000000c   Code   RO         1367    i.HAL_GPIO_WritePin  stm32f1xx_hal_gpio.o
    0x08001e20   0x08001e20   0x0000000c   Code   RO         1052    i.HAL_GetTick       stm32f1xx_hal.o
    0x08001e2c   0x08001e2c   0x00000008   Code   RO          574    i.HAL_I2C_GetState  stm32f1xx_hal_i2c.o
    0x08001e34   0x08001e34   0x000001d0   Code   RO          575    i.HAL_I2C_Init      stm32f1xx_hal_i2c.o
    0x08002004   0x08002004   0x00000170   Code   RO          588    i.HAL_I2C_Master_Transmit  stm32f1xx_hal_i2c.o
    0x08002174   0x08002174   0x00000374   Code   RO          593    i.HAL_I2C_Mem_Read  stm32f1xx_hal_i2c.o
    0x080024e8   0x080024e8   0x00000164   Code   RO          596    i.HAL_I2C_Mem_Write  stm32f1xx_hal_i2c.o
    0x0800264c   0x0800264c   0x00000078   Code   RO          280    i.HAL_I2C_MspInit   i2c.o
    0x080026c4   0x080026c4   0x00000018   Code   RO         1058    i.HAL_IncTick       stm32f1xx_hal.o
    0x080026dc   0x080026dc   0x00000028   Code   RO         1059    i.HAL_Init          stm32f1xx_hal.o
    0x08002704   0x08002704   0x0000004c   Code   RO         1060    i.HAL_InitTick      stm32f1xx_hal.o
    0x08002750   0x08002750   0x00000054   Code   RO          504    i.HAL_MspInit       stm32f1xx_hal_msp.o
    0x080027a4   0x080027a4   0x00000020   Code   RO         1523    i.HAL_NVIC_EnableIRQ  stm32f1xx_hal_cortex.o
    0x080027c4   0x080027c4   0x0000007c   Code   RO         1529    i.HAL_NVIC_SetPriority  stm32f1xx_hal_cortex.o
    0x08002840   0x08002840   0x00000028   Code   RO         1530    i.HAL_NVIC_SetPriorityGrouping  stm32f1xx_hal_cortex.o
    0x08002868   0x08002868   0x0000018c   Code   RO         1216    i.HAL_RCC_ClockConfig  stm32f1xx_hal_rcc.o
    0x080029f4   0x080029f4   0x0000000c   Code   RO         1221    i.HAL_RCC_GetHCLKFreq  stm32f1xx_hal_rcc.o
    0x08002a00   0x08002a00   0x00000020   Code   RO         1223    i.HAL_RCC_GetPCLK1Freq  stm32f1xx_hal_rcc.o
    0x08002a20   0x08002a20   0x00000020   Code   RO         1224    i.HAL_RCC_GetPCLK2Freq  stm32f1xx_hal_rcc.o
    0x08002a40   0x08002a40   0x00000070   Code   RO         1225    i.HAL_RCC_GetSysClockFreq  stm32f1xx_hal_rcc.o
    0x08002ab0   0x08002ab0   0x00000464   Code   RO         1228    i.HAL_RCC_OscConfig  stm32f1xx_hal_rcc.o
    0x08002f14   0x08002f14   0x00000034   Code   RO         1534    i.HAL_SYSTICK_Config  stm32f1xx_hal_cortex.o
    0x08002f48   0x08002f48   0x00000002   Code   RO         2766    i.HAL_TIMEx_BreakCallback  stm32f1xx_hal_tim_ex.o
    0x08002f4a   0x08002f4a   0x00000002   Code   RO         2767    i.HAL_TIMEx_CommutCallback  stm32f1xx_hal_tim_ex.o
    0x08002f4c   0x08002f4c   0x00000074   Code   RO         2769    i.HAL_TIMEx_ConfigBreakDeadTime  stm32f1xx_hal_tim_ex.o
    0x08002fc0   0x08002fc0   0x00000084   Code   RO         2785    i.HAL_TIMEx_MasterConfigSynchronization  stm32f1xx_hal_tim_ex.o
    0x08003044   0x08003044   0x000000c4   Code   RO         2796    i.HAL_TIMEx_PWMN_Start  stm32f1xx_hal_tim_ex.o
    0x08003108   0x08003108   0x00000066   Code   RO         2051    i.HAL_TIM_Base_Init  stm32f1xx_hal_tim.o
    0x0800316e   0x0800316e   0x00000002   PAD
    0x08003170   0x08003170   0x0000006c   Code   RO          322    i.HAL_TIM_Base_MspInit  tim.o
    0x080031dc   0x080031dc   0x00000078   Code   RO         2056    i.HAL_TIM_Base_Start_IT  stm32f1xx_hal_tim.o
    0x08003254   0x08003254   0x0000003e   Code   RO         2059    i.HAL_TIM_Base_Stop_IT  stm32f1xx_hal_tim.o
    0x08003292   0x08003292   0x0000010c   Code   RO         2060    i.HAL_TIM_ConfigClockSource  stm32f1xx_hal_tim.o
    0x0800339e   0x0800339e   0x000000c4   Code   RO         2072    i.HAL_TIM_Encoder_Init  stm32f1xx_hal_tim.o
    0x08003462   0x08003462   0x00000002   PAD
    0x08003464   0x08003464   0x00000070   Code   RO          324    i.HAL_TIM_Encoder_MspInit  tim.o
    0x080034d4   0x080034d4   0x000000cc   Code   RO         2075    i.HAL_TIM_Encoder_Start  stm32f1xx_hal_tim.o
    0x080035a0   0x080035a0   0x00000002   Code   RO         2085    i.HAL_TIM_IC_CaptureCallback  stm32f1xx_hal_tim.o
    0x080035a2   0x080035a2   0x0000016c   Code   RO         2099    i.HAL_TIM_IRQHandler  stm32f1xx_hal_tim.o
    0x0800370e   0x0800370e   0x00000002   PAD
    0x08003710   0x08003710   0x0000008c   Code   RO          325    i.HAL_TIM_MspPostInit  tim.o
    0x0800379c   0x0800379c   0x00000002   Code   RO         2102    i.HAL_TIM_OC_DelayElapsedCallback  stm32f1xx_hal_tim.o
    0x0800379e   0x0800379e   0x00000104   Code   RO         2123    i.HAL_TIM_PWM_ConfigChannel  stm32f1xx_hal_tim.o
    0x080038a2   0x080038a2   0x00000066   Code   RO         2126    i.HAL_TIM_PWM_Init  stm32f1xx_hal_tim.o
    0x08003908   0x08003908   0x00000002   Code   RO         2128    i.HAL_TIM_PWM_MspInit  stm32f1xx_hal_tim.o
    0x0800390a   0x0800390a   0x00000002   Code   RO         2129    i.HAL_TIM_PWM_PulseFinishedCallback  stm32f1xx_hal_tim.o
    0x0800390c   0x0800390c   0x000000d4   Code   RO         2131    i.HAL_TIM_PWM_Start  stm32f1xx_hal_tim.o
    0x080039e0   0x080039e0   0x00000002   Code   RO         2137    i.HAL_TIM_PeriodElapsedCallback  stm32f1xx_hal_tim.o
    0x080039e2   0x080039e2   0x00000002   Code   RO         2142    i.HAL_TIM_TriggerCallback  stm32f1xx_hal_tim.o
    0x080039e4   0x080039e4   0x00000002   Code   RO         3045    i.HAL_UARTEx_RxEventCallback  stm32f1xx_hal_uart.o
    0x080039e6   0x080039e6   0x00000002   Code   RO         3059    i.HAL_UART_ErrorCallback  stm32f1xx_hal_uart.o
    0x080039e8   0x080039e8   0x000002e4   Code   RO         3062    i.HAL_UART_IRQHandler  stm32f1xx_hal_uart.o
    0x08003ccc   0x08003ccc   0x00000076   Code   RO         3063    i.HAL_UART_Init     stm32f1xx_hal_uart.o
    0x08003d42   0x08003d42   0x00000002   PAD
    0x08003d44   0x08003d44   0x00000100   Code   RO          394    i.HAL_UART_MspInit  usart.o
    0x08003e44   0x08003e44   0x00000002   Code   RO         3069    i.HAL_UART_RxCpltCallback  stm32f1xx_hal_uart.o
    0x08003e46   0x08003e46   0x000000be   Code   RO         3071    i.HAL_UART_Transmit  stm32f1xx_hal_uart.o
    0x08003f04   0x08003f04   0x00000002   Code   RO         3074    i.HAL_UART_TxCpltCallback  stm32f1xx_hal_uart.o
    0x08003f06   0x08003f06   0x00000004   Code   RO          443    i.HardFault_Handler  stm32f1xx_it.o
    0x08003f0a   0x08003f0a   0x0000003e   Code   RO          619    i.I2C_IsAcknowledgeFailed  stm32f1xx_hal_i2c.o
    0x08003f48   0x08003f48   0x000000c0   Code   RO          623    i.I2C_MasterRequestWrite  stm32f1xx_hal_i2c.o
    0x08004008   0x08004008   0x00000160   Code   RO          630    i.I2C_RequestMemoryRead  stm32f1xx_hal_i2c.o
    0x08004168   0x08004168   0x000000e0   Code   RO          631    i.I2C_RequestMemoryWrite  stm32f1xx_hal_i2c.o
    0x08004248   0x08004248   0x00000066   Code   RO          639    i.I2C_WaitOnBTFFlagUntilTimeout  stm32f1xx_hal_i2c.o
    0x080042ae   0x080042ae   0x000000be   Code   RO          640    i.I2C_WaitOnFlagUntilTimeout  stm32f1xx_hal_i2c.o
    0x0800436c   0x0800436c   0x000000fa   Code   RO          641    i.I2C_WaitOnMasterAddressFlagUntilTimeout  stm32f1xx_hal_i2c.o
    0x08004466   0x08004466   0x0000008a   Code   RO          642    i.I2C_WaitOnRXNEFlagUntilTimeout  stm32f1xx_hal_i2c.o
    0x080044f0   0x080044f0   0x00000066   Code   RO          645    i.I2C_WaitOnTXEFlagUntilTimeout  stm32f1xx_hal_i2c.o
    0x08004556   0x08004556   0x00000002   PAD
    0x08004558   0x08004558   0x00000030   Code   RO         4111    i.Inf_OLED_Clear    int_oled.o
    0x08004588   0x08004588   0x00000078   Code   RO         4118    i.Inf_OLED_DrawPoint  int_oled.o
    0x08004600   0x08004600   0x000000f0   Code   RO         4119    i.Inf_OLED_Init     int_oled.o
    0x080046f0   0x080046f0   0x00000016   Code   RO         4120    i.Inf_OLED_Pow      int_oled.o
    0x08004706   0x08004706   0x00000002   PAD
    0x08004708   0x08004708   0x0000004c   Code   RO         4121    i.Inf_OLED_Refresh  int_oled.o
    0x08004754   0x08004754   0x0000013c   Code   RO         4123    i.Inf_OLED_ShowChar  int_oled.o
    0x08004890   0x08004890   0x000000c0   Code   RO         4124    i.Inf_OLED_ShowChinese  int_oled.o
    0x08004950   0x08004950   0x0000008c   Code   RO         4125    i.Inf_OLED_ShowNum  int_oled.o
    0x080049dc   0x080049dc   0x00000050   Code   RO         4127    i.Inf_OLED_ShowString  int_oled.o
    0x08004a2c   0x08004a2c   0x0000002c   Code   RO         4128    i.Inf_OLED_WR_Byte  int_oled.o
    0x08004a58   0x08004a58   0x00000058   Code   RO         4031    i.Int_Key_Process   int_key.o
    0x08004ab0   0x08004ab0   0x0000002c   Code   RO         4032    i.Int_Key_Scan      int_key.o
    0x08004adc   0x08004adc   0x00000024   Code   RO         3981    i.Int_M24C02_ReadByte  int_m24c02.o
    0x08004b00   0x08004b00   0x00000040   Code   RO         3983    i.Int_M24C02_WriteByte  int_m24c02.o
    0x08004b40   0x08004b40   0x00000018   Code   RO         4066    i.Int_Motor_Init    int_motor.o
    0x08004b58   0x08004b58   0x00000010   Code   RO         4067    i.Int_Motor_SetSpeed  int_motor.o
    0x08004b68   0x08004b68   0x0000001c   Code   RO         4068    i.Int_Motor_Start   int_motor.o
    0x08004b84   0x08004b84   0x00000024   Code   RO         4069    i.Int_Motor_Stop    int_motor.o
    0x08004ba8   0x08004ba8   0x000000d8   Code   RO          255    i.MX_GPIO_Init      gpio.o
    0x08004c80   0x08004c80   0x0000003c   Code   RO          281    i.MX_I2C2_Init      i2c.o
    0x08004cbc   0x08004cbc   0x000000e0   Code   RO          326    i.MX_TIM1_Init      tim.o
    0x08004d9c   0x08004d9c   0x0000006c   Code   RO          327    i.MX_TIM3_Init      tim.o
    0x08004e08   0x08004e08   0x0000007c   Code   RO          328    i.MX_TIM4_Init      tim.o
    0x08004e84   0x08004e84   0x00000038   Code   RO          395    i.MX_USART1_UART_Init  usart.o
    0x08004ebc   0x08004ebc   0x00000038   Code   RO          396    i.MX_USART2_UART_Init  usart.o
    0x08004ef4   0x08004ef4   0x00000004   Code   RO          444    i.MemManage_Handler  stm32f1xx_it.o
    0x08004ef8   0x08004ef8   0x00000004   Code   RO          445    i.NMI_Handler       stm32f1xx_it.o
    0x08004efc   0x08004efc   0x00000028   Code   RO         1229    i.RCC_Delay         stm32f1xx_hal_rcc.o
    0x08004f24   0x08004f24   0x00000014   Code   RO          446    i.SysTick_Handler   stm32f1xx_it.o
    0x08004f38   0x08004f38   0x00000066   Code   RO           14    i.SystemClock_Config  main.o
    0x08004f9e   0x08004f9e   0x00000002   Code   RO         3407    i.SystemInit        system_stm32f1xx.o
    0x08004fa0   0x08004fa0   0x00000028   Code   RO         5760    i.TIM3_IRQHandler   porttimer.o
    0x08004fc8   0x08004fc8   0x00000084   Code   RO         2144    i.TIM_Base_SetConfig  stm32f1xx_hal_tim.o
    0x0800504c   0x0800504c   0x00000022   Code   RO         2145    i.TIM_CCxChannelCmd  stm32f1xx_hal_tim.o
    0x0800506e   0x0800506e   0x00000022   Code   RO         2805    i.TIM_CCxNChannelCmd  stm32f1xx_hal_tim_ex.o
    0x08005090   0x08005090   0x00000016   Code   RO         2155    i.TIM_ETR_SetConfig  stm32f1xx_hal_tim.o
    0x080050a6   0x080050a6   0x00000012   Code   RO         2156    i.TIM_ITRx_SetConfig  stm32f1xx_hal_tim.o
    0x080050b8   0x080050b8   0x00000060   Code   RO         2157    i.TIM_OC1_SetConfig  stm32f1xx_hal_tim.o
    0x08005118   0x08005118   0x00000068   Code   RO         2158    i.TIM_OC2_SetConfig  stm32f1xx_hal_tim.o
    0x08005180   0x08005180   0x00000068   Code   RO         2159    i.TIM_OC3_SetConfig  stm32f1xx_hal_tim.o
    0x080051e8   0x080051e8   0x00000048   Code   RO         2160    i.TIM_OC4_SetConfig  stm32f1xx_hal_tim.o
    0x08005230   0x08005230   0x00000026   Code   RO         2162    i.TIM_TI1_ConfigInputStage  stm32f1xx_hal_tim.o
    0x08005256   0x08005256   0x00000028   Code   RO         2164    i.TIM_TI2_ConfigInputStage  stm32f1xx_hal_tim.o
    0x0800527e   0x0800527e   0x00000014   Code   RO         3076    i.UART_DMAAbortOnError  stm32f1xx_hal_uart.o
    0x08005292   0x08005292   0x0000006c   Code   RO         3086    i.UART_EndRxTransfer  stm32f1xx_hal_uart.o
    0x080052fe   0x080052fe   0x00000020   Code   RO         3087    i.UART_EndTransmit_IT  stm32f1xx_hal_uart.o
    0x0800531e   0x0800531e   0x000000fc   Code   RO         3089    i.UART_Receive_IT   stm32f1xx_hal_uart.o
    0x0800541a   0x0800541a   0x00000002   PAD
    0x0800541c   0x0800541c   0x000000fc   Code   RO         3090    i.UART_SetConfig    stm32f1xx_hal_uart.o
    0x08005518   0x08005518   0x00000060   Code   RO         3093    i.UART_Transmit_IT  stm32f1xx_hal_uart.o
    0x08005578   0x08005578   0x0000008c   Code   RO         3094    i.UART_WaitOnFlagUntilTimeout  stm32f1xx_hal_uart.o
    0x08005604   0x08005604   0x00000044   Code   RO         5691    i.USART2_IRQHandler  portserial.o
    0x08005648   0x08005648   0x00000004   Code   RO          447    i.UsageFault_Handler  stm32f1xx_it.o
    0x0800564c   0x0800564c   0x00000020   Code   RO         5981    i.__0printf$6       mc_w.l(printf6.o)
    0x0800566c   0x0800566c   0x00000010   Code   RO         1536    i.__NVIC_GetPriorityGrouping  stm32f1xx_hal_cortex.o
    0x0800567c   0x0800567c   0x00000028   Code   RO         1537    i.__NVIC_SetPriority  stm32f1xx_hal_cortex.o
    0x080056a4   0x080056a4   0x0000000e   Code   RO         6172    i.__scatterload_copy  mc_w.l(handlers.o)
    0x080056b2   0x080056b2   0x00000002   Code   RO         6173    i.__scatterload_null  mc_w.l(handlers.o)
    0x080056b4   0x080056b4   0x0000000e   Code   RO         6174    i.__scatterload_zeroinit  mc_w.l(handlers.o)
    0x080056c2   0x080056c2   0x00000002   PAD
    0x080056c4   0x080056c4   0x000002f0   Code   RO         5988    i._printf_core      mc_w.l(printf6.o)
    0x080059b4   0x080059b4   0x00000024   Code   RO         5989    i._printf_post_padding  mc_w.l(printf6.o)
    0x080059d8   0x080059d8   0x0000002e   Code   RO         5990    i._printf_pre_padding  mc_w.l(printf6.o)
    0x08005a06   0x08005a06   0x00000002   PAD
    0x08005a08   0x08005a08   0x000000c4   Code   RO         3444    i.display_task      app_task.o
    0x08005acc   0x08005acc   0x00000040   Code   RO         5193    i.eMBASCIIInit      mbascii.o
    0x08005b0c   0x08005b0c   0x0000004c   Code   RO         5194    i.eMBASCIIReceive   mbascii.o
    0x08005b58   0x08005b58   0x0000007c   Code   RO         5195    i.eMBASCIISend      mbascii.o
    0x08005bd4   0x08005bd4   0x0000001c   Code   RO         5196    i.eMBASCIIStart     mbascii.o
    0x08005bf0   0x08005bf0   0x00000010   Code   RO         5197    i.eMBASCIIStop      mbascii.o
    0x08005c00   0x08005c00   0x00000028   Code   RO         5113    i.eMBEnable         mb.o
    0x08005c28   0x08005c28   0x000000ae   Code   RO         5283    i.eMBFuncReadCoils  mbfunccoils.o
    0x08005cd6   0x08005cd6   0x000000ac   Code   RO         5322    i.eMBFuncReadDiscreteInputs  mbfuncdisc.o
    0x08005d82   0x08005d82   0x0000008c   Code   RO         5346    i.eMBFuncReadHoldingRegister  mbfuncholding.o
    0x08005e0e   0x08005e0e   0x0000008c   Code   RO         5388    i.eMBFuncReadInputRegister  mbfuncinput.o
    0x08005e9a   0x08005e9a   0x000000d4   Code   RO         5347    i.eMBFuncReadWriteMultipleHoldingRegister  mbfuncholding.o
    0x08005f6e   0x08005f6e   0x00000002   PAD
    0x08005f70   0x08005f70   0x00000028   Code   RO         5412    i.eMBFuncReportSlaveID  mbfuncother.o
    0x08005f98   0x08005f98   0x00000070   Code   RO         5284    i.eMBFuncWriteCoil  mbfunccoils.o
    0x08006008   0x08006008   0x00000042   Code   RO         5348    i.eMBFuncWriteHoldingRegister  mbfuncholding.o
    0x0800604a   0x0800604a   0x00000090   Code   RO         5285    i.eMBFuncWriteMultipleCoils  mbfunccoils.o
    0x080060da   0x080060da   0x0000006e   Code   RO         5349    i.eMBFuncWriteMultipleHoldingRegister  mbfuncholding.o
    0x08006148   0x08006148   0x00000144   Code   RO         5114    i.eMBInit           mb.o
    0x0800628c   0x0800628c   0x00000138   Code   RO         5115    i.eMBPoll           mb.o
    0x080063c4   0x080063c4   0x00000050   Code   RO         5513    i.eMBRTUInit        mbrtu.o
    0x08006414   0x08006414   0x00000050   Code   RO         5514    i.eMBRTUReceive     mbrtu.o
    0x08006464   0x08006464   0x00000088   Code   RO         5515    i.eMBRTUSend        mbrtu.o
    0x080064ec   0x080064ec   0x0000001c   Code   RO         5516    i.eMBRTUStart       mbrtu.o
    0x08006508   0x08006508   0x00000010   Code   RO         5517    i.eMBRTUStop        mbrtu.o
    0x08006518   0x08006518   0x0000029c   Code   RO         5592    i.eMBRegCoilsCB     port_1.o
    0x080067b4   0x080067b4   0x0000008c   Code   RO         5593    i.eMBRegDiscreteCB  port_1.o
    0x08006840   0x08006840   0x00000064   Code   RO         5594    i.eMBRegHoldingCB   port_1.o
    0x080068a4   0x080068a4   0x00000040   Code   RO         5595    i.eMBRegInputCB     port_1.o
    0x080068e4   0x080068e4   0x000000c4   Code   RO         3445    i.eeprom_task       app_task.o
    0x080069a8   0x080069a8   0x0000001c   Code   RO         3880    i.fputc             com_debug.o
    0x080069c4   0x080069c4   0x000000c0   Code   RO         3446    i.key_task          app_task.o
    0x08006a84   0x08006a84   0x0000002c   Code   RO           15    i.main              main.o
    0x08006ab0   0x08006ab0   0x000000d0   Code   RO         3447    i.modbus_task       app_task.o
    0x08006b80   0x08006b80   0x000000d8   Code   RO         3448    i.motor_task        app_task.o
    0x08006c58   0x08006c58   0x000000c0   Code   RO         4796    i.prvAddCurrentTaskToDelayedList  tasks.o
    0x08006d18   0x08006d18   0x000000e4   Code   RO         4797    i.prvAddNewTaskToReadyList  tasks.o
    0x08006dfc   0x08006dfc   0x00000048   Code   RO         4798    i.prvCheckTasksWaitingTermination  tasks.o
    0x08006e44   0x08006e44   0x00000012   Code   RO         4799    i.prvDeleteTCB      tasks.o
    0x08006e56   0x08006e56   0x00000002   PAD
    0x08006e58   0x08006e58   0x00000070   Code   RO         4244    i.prvHeapInit       heap_4.o
    0x08006ec8   0x08006ec8   0x00000028   Code   RO         4800    i.prvIdleTask       tasks.o
    0x08006ef0   0x08006ef0   0x0000007a   Code   RO         4801    i.prvInitialiseNewTask  tasks.o
    0x08006f6a   0x08006f6a   0x00000002   PAD
    0x08006f6c   0x08006f6c   0x00000068   Code   RO         4802    i.prvInitialiseTaskLists  tasks.o
    0x08006fd4   0x08006fd4   0x00000068   Code   RO         4245    i.prvInsertBlockIntoFreeList  heap_4.o
    0x0800703c   0x0800703c   0x00000030   Code   RO         4803    i.prvResetNextTaskUnblockTime  tasks.o
    0x0800706c   0x0800706c   0x00000016   Code   RO         4321    i.prvTaskExitError  port.o
    0x08007082   0x08007082   0x00000022   Code   RO         5445    i.prveMBError2Exception  mbutils.o
    0x080070a4   0x080070a4   0x00000024   Code   RO         5198    i.prvucMBBIN2CHAR   mbascii.o
    0x080070c8   0x080070c8   0x00000026   Code   RO         5199    i.prvucMBCHAR2BIN   mbascii.o
    0x080070ee   0x080070ee   0x00000020   Code   RO         5200    i.prvucMBLRC        mbascii.o
    0x0800710e   0x0800710e   0x00000002   PAD
    0x08007110   0x08007110   0x00000010   Code   RO         5761    i.prvvTIMERExpiredISR  porttimer.o
    0x08007120   0x08007120   0x00000010   Code   RO         5692    i.prvvUARTRxISR     portserial.o
    0x08007130   0x08007130   0x00000010   Code   RO         5693    i.prvvUARTTxReadyISR  portserial.o
    0x08007140   0x08007140   0x000000e4   Code   RO         4247    i.pvPortMalloc      heap_4.o
    0x08007224   0x08007224   0x00000024   Code   RO         4322    i.pxPortInitialiseStack  port.o
    0x08007248   0x08007248   0x0000074c   Code   RO         3449    i.start_task        app_task.o
    0x08007994   0x08007994   0x00000088   Code   RO         4805    i.ulTaskGenericNotifyTake  tasks.o
    0x08007a1c   0x08007a1c   0x00000038   Code   RO         5481    i.usMBCRC16         mbcrc.o
    0x08007a54   0x08007a54   0x00000028   Code   RO         4483    i.uxListRemove      list.o
    0x08007a7c   0x08007a7c   0x0000001a   Code   RO         4484    i.vListInitialise   list.o
    0x08007a96   0x08007a96   0x00000006   Code   RO         4485    i.vListInitialiseItem  list.o
    0x08007a9c   0x08007a9c   0x00000034   Code   RO         4486    i.vListInsert       list.o
    0x08007ad0   0x08007ad0   0x00000018   Code   RO         4487    i.vListInsertEnd    list.o
    0x08007ae8   0x08007ae8   0x00000050   Code   RO         5694    i.vMBPortSerialEnable  portserial.o
    0x08007b38   0x08007b38   0x00000010   Code   RO         5795    i.vMBPortTimersDisable  porttimer.o
    0x08007b48   0x08007b48   0x00000018   Code   RO         5789    i.vMBPortTimersEnable  porttimer.o
    0x08007b60   0x08007b60   0x00000024   Code   RO         4324    i.vPortEnterCritical  port.o
    0x08007b84   0x08007b84   0x00000020   Code   RO         4325    i.vPortExitCritical  port.o
    0x08007ba4   0x08007ba4   0x0000004c   Code   RO         4248    i.vPortFree         heap_4.o
    0x08007bf0   0x08007bf0   0x00000018   Code   RO         4326    i.vPortSetupTimerInterrupt  port.o
    0x08007c08   0x08007c08   0x00000034   Code   RO         4811    i.vTaskDelay        tasks.o
    0x08007c3c   0x08007c3c   0x000000d4   Code   RO         4812    i.vTaskDelete       tasks.o
    0x08007d10   0x08007d10   0x0000006c   Code   RO         4823    i.vTaskStartScheduler  tasks.o
    0x08007d7c   0x08007d7c   0x00000010   Code   RO         4825    i.vTaskSuspendAll   tasks.o
    0x08007d8c   0x08007d8c   0x00000060   Code   RO         4826    i.vTaskSwitchContext  tasks.o
    0x08007dec   0x08007dec   0x00000128   Code   RO         5201    i.xMBASCIIReceiveFSM  mbascii.o
    0x08007f14   0x08007f14   0x0000002c   Code   RO         5202    i.xMBASCIITimerT1SExpired  mbascii.o
    0x08007f40   0x08007f40   0x000000f0   Code   RO         5203    i.xMBASCIITransmitFSM  mbascii.o
    0x08008030   0x08008030   0x00000024   Code   RO         5653    i.xMBPortEventGet   portevent.o
    0x08008054   0x08008054   0x00000010   Code   RO         5654    i.xMBPortEventInit  portevent.o
    0x08008064   0x08008064   0x00000018   Code   RO         5655    i.xMBPortEventPost  portevent.o
    0x0800807c   0x0800807c   0x00000010   Code   RO         5695    i.xMBPortSerialGetByte  portserial.o
    0x0800808c   0x0800808c   0x00000008   Code   RO         5696    i.xMBPortSerialInit  portserial.o
    0x08008094   0x08008094   0x00000010   Code   RO         5697    i.xMBPortSerialPutByte  portserial.o
    0x080080a4   0x080080a4   0x00000006   Code   RO         5762    i.xMBPortTimersInit  porttimer.o
    0x080080aa   0x080080aa   0x00000002   PAD
    0x080080ac   0x080080ac   0x00000088   Code   RO         5518    i.xMBRTUReceiveFSM  mbrtu.o
    0x08008134   0x08008134   0x00000040   Code   RO         5519    i.xMBRTUTimerT35Expired  mbrtu.o
    0x08008174   0x08008174   0x0000006c   Code   RO         5520    i.xMBRTUTransmitFSM  mbrtu.o
    0x080081e0   0x080081e0   0x00000034   Code   RO         4327    i.xPortStartScheduler  port.o
    0x08008214   0x08008214   0x00000034   Code   RO         4328    i.xPortSysTickHandler  port.o
    0x08008248   0x08008248   0x00000068   Code   RO         4829    i.xTaskCreate       tasks.o
    0x080082b0   0x080082b0   0x00000074   Code   RO         4830    i.xTaskDelayUntil   tasks.o
    0x08008324   0x08008324   0x0000014c   Code   RO         4831    i.xTaskGenericNotify  tasks.o
    0x08008470   0x08008470   0x00000020   Code   RO         4836    i.xTaskGetSchedulerState  tasks.o
    0x08008490   0x08008490   0x0000000c   Code   RO         4837    i.xTaskGetTickCount  tasks.o
    0x0800849c   0x0800849c   0x00000190   Code   RO         4839    i.xTaskIncrementTick  tasks.o
    0x0800862c   0x0800862c   0x0000015c   Code   RO         4841    i.xTaskResumeAll    tasks.o
    0x08008788   0x08008788   0x00000012   Data   RO         1230    .constdata          stm32f1xx_hal_rcc.o
    0x0800879a   0x0800879a   0x00000018   Data   RO         3408    .constdata          system_stm32f1xx.o
    0x080087b2   0x080087b2   0x00001b28   Data   RO         4130    .constdata          int_oled.o
    0x0800a2da   0x0800a2da   0x00000200   Data   RO         5482    .constdata          mbcrc.o
    0x0800a4da   0x0800a4da   0x00000002   PAD
    0x0800a4dc   0x0800a4dc   0x00000020   Data   RO         6170    Region$$Table       anon$$obj.o


    Execution Region RW_IRAM1 (Exec base: 0x20000000, Load base: 0x0800a4fc, Size: 0x00004060, Max: 0x00005000, ABSOLUTE, COMPRESSED[0x00000084])

    Exec Addr    Load Addr    Size         Type   Attr      Idx    E Section Name        Object

    0x20000000   COMPRESSED   0x00000009   Data   RW         1066    .data               stm32f1xx_hal.o
    0x20000009   COMPRESSED   0x00000003   PAD
    0x2000000c   COMPRESSED   0x00000004   Data   RW         3409    .data               system_stm32f1xx.o
    0x20000010   COMPRESSED   0x00000018   Data   RW         3450    .data               app_task.o
    0x20000028   COMPRESSED   0x00000030   Data   RW         3785    .data               app_motor.o
    0x20000058   COMPRESSED   0x00000006   Data   RW         3955    .data               com_define.o
    0x2000005e   COMPRESSED   0x00000002   PAD
    0x20000060   COMPRESSED   0x00000040   Data   RW         4033    .data               int_key.o
    0x200000a0   COMPRESSED   0x0000001c   Data   RW         4254    .data               heap_4.o
    0x200000bc   COMPRESSED   0x00000004   Data   RW         4329    .data               port.o
    0x200000c0   COMPRESSED   0x00000040   Data   RW         4844    .data               tasks.o
    0x20000100   COMPRESSED   0x000000b5   Data   RW         5117    .data               mb.o
    0x200001b5   COMPRESSED   0x00000003   PAD
    0x200001b8   COMPRESSED   0x00000014   Data   RW         5204    .data               mbascii.o
    0x200001cc   COMPRESSED   0x00000002   Data   RW         5415    .data               mbfuncother.o
    0x200001ce   COMPRESSED   0x00000002   PAD
    0x200001d0   COMPRESSED   0x0000000c   Data   RW         5522    .data               mbrtu.o
    0x200001dc   COMPRESSED   0x00000002   Data   RW         5656    .data               portevent.o
    0x200001de   COMPRESSED   0x00000002   PAD
    0x200001e0   COMPRESSED   0x00000004   Data   RW         6131    .data               mc_w.l(stdout.o)
    0x200001e4        -       0x00000054   Zero   RW          282    .bss                i2c.o
    0x20000238        -       0x000000d8   Zero   RW          329    .bss                tim.o
    0x20000310        -       0x00000090   Zero   RW          397    .bss                usart.o
    0x200003a0        -       0x00000480   Zero   RW         4129    .bss                int_oled.o
    0x20000820        -       0x00003000   Zero   RW         4253    .bss                heap_4.o
    0x20003820        -       0x000002e4   Zero   RW         4843    .bss                tasks.o
    0x20003b04        -       0x00000020   Zero   RW         5414    .bss                mbfuncother.o
    0x20003b24        -       0x00000100   Zero   RW         5521    .bss                mbrtu.o
    0x20003c24        -       0x0000003c   Zero   RW         5597    .bss                port_1.o
    0x20003c60        -       0x00000400   Zero   RW            1    STACK               startup_stm32f103xb.o


==============================================================================

Image component sizes


      Code (inc. data)   RO Data    RW Data    ZI Data      Debug   Object Name

       488         66          0          0          0       1142   app_display.o
        76          8          0          0          0       1044   app_eeprom.o
      1972        266          0          0          0       1065   app_key.o
        40          4          0          0          0       2218   app_modbus.o
       892        196          0         48          0       3237   app_motor.o
      3368        932          0         24          0     356654   app_task.o
        28          6          0          0          0        536   com_debug.o
         0          0          0          6          0        969   com_define.o
       102          0          0          0          0       2395   com_util.o
       216         14          0          0          0        975   gpio.o
       520         58          0         28      12288       7451   heap_4.o
       180         26          0          0         84       1621   i2c.o
       132          4          0         64          0       2662   int_key.o
       100          8          0          0          0       1501   int_m24c02.o
       104         28          0          0          0       1917   int_motor.o
      1278         44       6952          0       1152       8712   int_oled.o
       148          0          0          0          0       3426   list.o
       152          0          0          0          0     453393   main.o
       676        154          0        181          0       5120   mb.o
       994         92          0         20          0       8887   mbascii.o
        56          8        512          0          0       1340   mbcrc.o
       430          0          0          0          0       3994   mbfunccoils.o
       172          0          0          0          0       1740   mbfuncdisc.o
       528          0          0          0          0       5267   mbfuncholding.o
       140          0          0          0          0       1691   mbfuncinput.o
        40         10          0          2         32       1543   mbfuncother.o
       648         72          0         12        256       6603   mbrtu.o
        34          0          0          0          0        620   mbutils.o
       404         48          0          4          0       9704   port.o
       972        140          0          0         60       5345   port_1.o
        76         24          0          2          0       2280   portevent.o
       220         32          0          0          0       6085   portserial.o
       102         22          0          0          0       2579   porttimer.o
        36          8        236          0       1024        808   startup_stm32f103xb.o
       192         36          0          9          0       5917   stm32f1xx_hal.o
       304         22          0          0          0      29455   stm32f1xx_hal_cortex.o
       262          4          0          0          0       1767   stm32f1xx_hal_dma.o
       828         34          0          0          0       3327   stm32f1xx_hal_gpio.o
      3692         64          0          0          0      14227   stm32f1xx_hal_i2c.o
        84          8          0          0          0        902   stm32f1xx_hal_msp.o
      1748         98         18          0          0       5996   stm32f1xx_hal_rcc.o
      2562         60          0          0          0      18950   stm32f1xx_hal_tim.o
       482         28          0          0          0       4696   stm32f1xx_hal_tim_ex.o
      1956          8          0          0          0      11120   stm32f1xx_hal_uart.o
        42          0          0          0          0       3103   stm32f1xx_it.o
         2          0         24          4          0       1131   system_stm32f1xx.o
      2788        354          0         64        740      31211   tasks.o
       816         72          0          0        216       4460   tim.o
       368         36          0          0        144       2307   usart.o

    ----------------------------------------------------------------------
     31478       3094       7776        480      15996    1053093   Object Totals
         0          0         32          0          0          0   (incl. Generated)
        28          0          2         12          0          0   (incl. Padding)

    ----------------------------------------------------------------------

      Code (inc. data)   RO Data    RW Data    ZI Data      Debug   Library Member Name

        86          0          0          0          0          0   __dczerorl2.o
         0          0          0          0          0          0   entry.o
         0          0          0          0          0          0   entry10a.o
         0          0          0          0          0          0   entry11a.o
         4          0          0          0          0          0   entry12b.o
         8          4          0          0          0          0   entry2.o
         4          0          0          0          0          0   entry5.o
         0          0          0          0          0          0   entry7b.o
         0          0          0          0          0          0   entry8b.o
         8          4          0          0          0          0   entry9a.o
        30          0          0          0          0          0   handlers.o
        36          8          0          0          0         68   init.o
         0          0          0          0          0          0   iusefp.o
        30          0          0          0          0         68   llshl.o
        36          0          0          0          0         68   llsshr.o
        32          0          0          0          0         68   llushr.o
        36          0          0          0          0         68   memcpya.o
        36          0          0          0          0        108   memseta.o
       866         14          0          0          0        352   printf6.o
         0          0          0          4          0          0   stdout.o
        14          0          0          0          0         68   strlen.o
        22          0          0          0          0         68   strrchr.o
        44          0          0          0          0         80   uidiv.o
        20          0          0          0          0         68   cfcmple.o
        20          0          0          0          0         68   cfrcmple.o
        56          0          0          0          0         88   d2f.o
       334          0          0          0          0        148   dadd.o
       222          0          0          0          0        100   ddiv.o
       186          0          0          0          0        176   depilogue.o
       228          0          0          0          0         96   dmul.o
        38          0          0          0          0         68   f2d.o
       176          0          0          0          0        140   fadd.o
       124          0          0          0          0         88   fdiv.o
       110          0          0          0          0        168   fepilogue.o
        50          0          0          0          0         68   ffixi.o
        18          0          0          0          0         68   fflti.o
       100          0          0          0          0         76   fmul.o

    ----------------------------------------------------------------------
      2982         30          0          4          0       2436   Library Totals
         8          0          0          0          0          0   (incl. Padding)

    ----------------------------------------------------------------------

      Code (inc. data)   RO Data    RW Data    ZI Data      Debug   Library Name

      1292         30          0          4          0       1016   mc_w.l
      1682          0          0          0          0       1420   mf_w.l

    ----------------------------------------------------------------------
      2982         30          0          4          0       2436   Library Totals

    ----------------------------------------------------------------------

==============================================================================


      Code (inc. data)   RO Data    RW Data    ZI Data      Debug   

     34460       3124       7776        484      15996    1042449   Grand Totals
     34460       3124       7776        132      15996    1042449   ELF Image Totals (compressed)
     34460       3124       7776        132          0          0   ROM Totals

==============================================================================

    Total RO  Size (Code + RO Data)                42236 (  41.25kB)
    Total RW  Size (RW Data + ZI Data)             16480 (  16.09kB)
    Total ROM Size (Code + RO Data + RW Data)      42368 (  41.38kB)

==============================================================================

